Component: ARM Compiler 5.06 update 2 (build 183) Tool: armlink [4d35b7]

==============================================================================

Section Cross References

    startup_stm32f103xb.o(RESET) refers to startup_stm32f103xb.o(STACK) for __initial_sp
    startup_stm32f103xb.o(RESET) refers to startup_stm32f103xb.o(.text) for Reset_Handler
    startup_stm32f103xb.o(RESET) refers to stm32f1xx_it.o(i.NMI_Handler) for NMI_Handler
    startup_stm32f103xb.o(RESET) refers to stm32f1xx_it.o(i.HardFault_Handler) for HardFault_Handler
    startup_stm32f103xb.o(RESET) refers to stm32f1xx_it.o(i.MemManage_Handler) for MemManage_Handler
    startup_stm32f103xb.o(RESET) refers to stm32f1xx_it.o(i.BusFault_Handler) for BusFault_Handler
    startup_stm32f103xb.o(RESET) refers to stm32f1xx_it.o(i.UsageFault_Handler) for UsageFault_Handler
    startup_stm32f103xb.o(RESET) refers to stm32f1xx_it.o(i.SVC_Handler) for SVC_Handler
    startup_stm32f103xb.o(RESET) refers to stm32f1xx_it.o(i.DebugMon_Handler) for DebugMon_Handler
    startup_stm32f103xb.o(RESET) refers to stm32f1xx_it.o(i.PendSV_Handler) for PendSV_Handler
    startup_stm32f103xb.o(RESET) refers to stm32f1xx_it.o(i.SysTick_Handler) for SysTick_Handler
    startup_stm32f103xb.o(RESET) refers to stm32f1xx_it.o(i.USART1_IRQHandler) for USART1_IRQHandler
    startup_stm32f103xb.o(.text) refers to system_stm32f1xx.o(i.SystemInit) for SystemInit
    startup_stm32f103xb.o(.text) refers to entry.o(.ARM.Collect$$$$00000000) for __main
    main.o(i.SystemClock_Config) refers to memseta.o(.text) for __aeabi_memclr4
    main.o(i.SystemClock_Config) refers to stm32f1xx_hal_rcc.o(i.HAL_RCC_OscConfig) for HAL_RCC_OscConfig
    main.o(i.SystemClock_Config) refers to stm32f1xx_hal_rcc.o(i.HAL_RCC_ClockConfig) for HAL_RCC_ClockConfig
    main.o(i.main) refers to stm32f1xx_hal.o(i.HAL_Init) for HAL_Init
    main.o(i.main) refers to main.o(i.SystemClock_Config) for SystemClock_Config
    main.o(i.main) refers to gpio.o(i.MX_GPIO_Init) for MX_GPIO_Init
    main.o(i.main) refers to usart.o(i.MX_USART1_UART_Init) for MX_USART1_UART_Init
    main.o(i.main) refers to dht.o(i.DHT11_Init) for DHT11_Init
    main.o(i.main) refers to nbiot.o(i.nbiot_init) for nbiot_init
    main.o(i.main) refers to cjson.o(i.cJSON_CreateObject) for cJSON_CreateObject
    main.o(i.main) refers to dht.o(i.DHT11_Read_Data) for DHT11_Read_Data
    main.o(i.main) refers to stm32f1xx_hal.o(i.HAL_Delay) for HAL_Delay
    main.o(i.main) refers to dfltui.o(.text) for __aeabi_ui2d
    main.o(i.main) refers to cjson.o(i.cJSON_AddNumberToObject) for cJSON_AddNumberToObject
    main.o(i.main) refers to cjson.o(i.cJSON_Print) for cJSON_Print
    main.o(i.main) refers to message.o(i.string_to_hex) for string_to_hex
    main.o(i.main) refers to message.o(i.string_number) for string_number
    main.o(i.main) refers to printfa.o(i.__0printf) for __2printf
    main.o(i.main) refers to cjson.o(i.cJSON_free) for cJSON_free
    main.o(i.main) refers to cjson.o(i.cJSON_Delete) for cJSON_Delete
    gpio.o(i.MX_GPIO_Init) refers to stm32f1xx_hal_gpio.o(i.HAL_GPIO_WritePin) for HAL_GPIO_WritePin
    gpio.o(i.MX_GPIO_Init) refers to stm32f1xx_hal_gpio.o(i.HAL_GPIO_Init) for HAL_GPIO_Init
    gpio.o(i.MX_GPIO_Init) refers to gpio.o(.bss) for .bss
    usart.o(i.HAL_UART_MspDeInit) refers to stm32f1xx_hal_gpio.o(i.HAL_GPIO_DeInit) for HAL_GPIO_DeInit
    usart.o(i.HAL_UART_MspDeInit) refers to stm32f1xx_hal_cortex.o(i.HAL_NVIC_DisableIRQ) for HAL_NVIC_DisableIRQ
    usart.o(i.HAL_UART_MspInit) refers to stm32f1xx_hal_gpio.o(i.HAL_GPIO_Init) for HAL_GPIO_Init
    usart.o(i.HAL_UART_MspInit) refers to stm32f1xx_hal_cortex.o(i.HAL_NVIC_SetPriority) for HAL_NVIC_SetPriority
    usart.o(i.HAL_UART_MspInit) refers to stm32f1xx_hal_cortex.o(i.HAL_NVIC_EnableIRQ) for HAL_NVIC_EnableIRQ
    usart.o(i.HAL_UART_RxCpltCallback) refers to stm32f1xx_hal_uart.o(i.HAL_UART_Transmit_IT) for HAL_UART_Transmit_IT
    usart.o(i.HAL_UART_RxCpltCallback) refers to stm32f1xx_hal_uart.o(i.HAL_UART_Receive_IT) for HAL_UART_Receive_IT
    usart.o(i.HAL_UART_RxCpltCallback) refers to main.o(.bss) for buf
    usart.o(i.HAL_UART_TxCpltCallback) refers to usart.o(.data) for .data
    usart.o(i.MX_USART1_UART_Init) refers to stm32f1xx_hal_uart.o(i.HAL_UART_Init) for HAL_UART_Init
    usart.o(i.MX_USART1_UART_Init) refers to main.o(i.Error_Handler) for Error_Handler
    usart.o(i.MX_USART1_UART_Init) refers to usart.o(.bss) for .bss
    usart.o(i.fputc) refers to stm32f1xx_hal_uart.o(i.HAL_UART_Transmit) for HAL_UART_Transmit
    usart.o(i.fputc) refers to usart.o(.bss) for .bss
    stm32f1xx_it.o(i.SysTick_Handler) refers to stm32f1xx_hal.o(i.HAL_IncTick) for HAL_IncTick
    stm32f1xx_it.o(i.USART1_IRQHandler) refers to stm32f1xx_hal_uart.o(i.HAL_UART_IRQHandler) for HAL_UART_IRQHandler
    stm32f1xx_it.o(i.USART1_IRQHandler) refers to usart.o(.bss) for huart1
[...]
    Removing stm32f1xx_hal_gpio_ex.o(i.HAL_GPIOEx_DisableEventout), (16 bytes).
    Removing stm32f1xx_hal_gpio_ex.o(i.HAL_GPIOEx_EnableEventout), (16 bytes).
    Removing stm32f1xx_hal_tim.o(.rev16_text), (4 bytes).
    Removing stm32f1xx_hal_tim.o(.revsh_text), (4 bytes).
    Removing stm32f1xx_hal_tim.o(.rrx_text), (6 bytes).
    Removing stm32f1xx_hal_tim_ex.o(.rev16_text), (4 bytes).
    Removing stm32f1xx_hal_tim_ex.o(.revsh_text), (4 bytes).
    Removing stm32f1xx_hal_tim_ex.o(.rrx_text), (6 bytes).
    Removing stm32f1xx_hal_uart.o(.rev16_text), (4 bytes).
    Removing stm32f1xx_hal_uart.o(.revsh_text), (4 bytes).
    Removing stm32f1xx_hal_uart.o(.rrx_text), (6 bytes).
    Removing stm32f1xx_hal_uart.o(i.HAL_HalfDuplex_EnableReceiver), (50 bytes).
    Removing stm32f1xx_hal_uart.o(i.HAL_HalfDuplex_EnableTransmitter), (50 bytes).
    Removing stm32f1xx_hal_uart.o(i.HAL_HalfDuplex_Init), (108 bytes).
    Removing stm32f1xx_hal_uart.o(i.HAL_LIN_Init), (128 bytes).
    Removing stm32f1xx_hal_uart.o(i.HAL_LIN_SendBreak), (46 bytes).
    Removing stm32f1xx_hal_uart.o(i.HAL_MultiProcessor_EnterMuteMode), (46 bytes).
    Removing stm32f1xx_hal_uart.o(i.HAL_MultiProcessor_ExitMuteMode), (46 bytes).
    Removing stm32f1xx_hal_uart.o(i.HAL_MultiProcessor_Init), (142 bytes).
    Removing stm32f1xx_hal_uart.o(i.HAL_UART_Abort), (138 bytes).
    Removing stm32f1xx_hal_uart.o(i.HAL_UART_AbortCpltCallback), (2 bytes).
    Removing stm32f1xx_hal_uart.o(i.HAL_UART_AbortReceive), (88 bytes).
    Removing stm32f1xx_hal_uart.o(i.HAL_UART_AbortReceiveCpltCallback), (2 bytes).
    Removing stm32f1xx_hal_uart.o(i.HAL_UART_AbortReceive_IT), (92 bytes).
    Removing stm32f1xx_hal_uart.o(i.HAL_UART_AbortTransmit), (78 bytes).
    Removing stm32f1xx_hal_uart.o(i.HAL_UART_AbortTransmitCpltCallback), (2 bytes).
    Removing stm32f1xx_hal_uart.o(i.HAL_UART_AbortTransmit_IT), (84 bytes).
    Removing stm32f1xx_hal_uart.o(i.HAL_UART_Abort_IT), (172 bytes).
    Removing stm32f1xx_hal_uart.o(i.HAL_UART_DMAPause), (102 bytes).
    Removing stm32f1xx_hal_uart.o(i.HAL_UART_DMAResume), (94 bytes).
    Removing stm32f1xx_hal_uart.o(i.HAL_UART_DMAStop), (88 bytes).
    Removing stm32f1xx_hal_uart.o(i.HAL_UART_DeInit), (50 bytes).
    Removing stm32f1xx_hal_uart.o(i.HAL_UART_GetError), (4 bytes).
    Removing stm32f1xx_hal_uart.o(i.HAL_UART_GetState), (10 bytes).
    Removing stm32f1xx_hal_uart.o(i.HAL_UART_MspDeInit), (2 bytes).
    Removing stm32f1xx_hal_uart.o(i.HAL_UART_MspInit), (2 bytes).
    Removing stm32f1xx_hal_uart.o(i.HAL_UART_Receive), (188 bytes).
    Removing stm32f1xx_hal_uart.o(i.HAL_UART_Receive_DMA), (152 bytes).
    Removing stm32f1xx_hal_uart.o(i.HAL_UART_RxCpltCallback), (2 bytes).
    Removing stm32f1xx_hal_uart.o(i.HAL_UART_RxHalfCpltCallback), (2 bytes).
    Removing stm32f1xx_hal_uart.o(i.HAL_UART_Transmit_DMA), (128 bytes).
    Removing stm32f1xx_hal_uart.o(i.HAL_UART_TxCpltCallback), (2 bytes).
    Removing stm32f1xx_hal_uart.o(i.HAL_UART_TxHalfCpltCallback), (2 bytes).
    Removing stm32f1xx_hal_uart.o(i.UART_DMAError), (74 bytes).
    Removing stm32f1xx_hal_uart.o(i.UART_DMAReceiveCplt), (60 bytes).
    Removing stm32f1xx_hal_uart.o(i.UART_DMARxAbortCallback), (42 bytes).
    Removing stm32f1xx_hal_uart.o(i.UART_DMARxHalfCplt), (10 bytes).
    Removing stm32f1xx_hal_uart.o(i.UART_DMARxOnlyAbortCallback), (20 bytes).
    Removing stm32f1xx_hal_uart.o(i.UART_DMATransmitCplt), (46 bytes).
    Removing stm32f1xx_hal_uart.o(i.UART_DMATxAbortCallback), (42 bytes).
    Removing stm32f1xx_hal_uart.o(i.UART_DMATxHalfCplt), (10 bytes).
    Removing stm32f1xx_hal_uart.o(i.UART_DMATxOnlyAbortCallback), (20 bytes).
    Removing stm32f1xx_hal_uart.o(i.UART_EndTxTransfer), (18 bytes).
    Removing stm32f1xx_hal.o(.rev16_text), (4 bytes).
    Removing stm32f1xx_hal.o(.revsh_text), (4 bytes).
    Removing stm32f1xx_hal.o(.rrx_text), (6 bytes).
    Removing stm32f1xx_hal.o(i.HAL_DBGMCU_DisableDBGSleepMode), (16 bytes).
    Removing stm32f1xx_hal.o(i.HAL_DBGMCU_DisableDBGStandbyMode), (16 bytes).
    Removing stm32f1xx_hal.o(i.HAL_DBGMCU_DisableDBGStopMode), (16 bytes).
    Removing stm32f1xx_hal.o(i.HAL_DBGMCU_EnableDBGSleepMode), (16 bytes).
    Removing stm32f1xx_hal.o(i.HAL_DBGMCU_EnableDBGStandbyMode), (16 bytes).
    Removing stm32f1xx_hal.o(i.HAL_DBGMCU_EnableDBGStopMode), (16 bytes).
    Removing stm32f1xx_hal.o(i.HAL_DeInit), (32 bytes).
    Removing stm32f1xx_hal.o(i.HAL_GetDEVID), (16 bytes).
    Removing stm32f1xx_hal.o(i.HAL_GetHalVersion), (8 bytes).
    Removing stm32f1xx_hal.o(i.HAL_GetREVID), (12 bytes).
    Removing stm32f1xx_hal.o(i.HAL_GetTickFreq), (12 bytes).
    Removing stm32f1xx_hal.o(i.HAL_GetTickPrio), (12 bytes).
    Removing stm32f1xx_hal.o(i.HAL_GetUIDw0), (12 bytes).
    Removing stm32f1xx_hal.o(i.HAL_GetUIDw1), (12 bytes).
    Removing stm32f1xx_hal.o(i.HAL_GetUIDw2), (12 bytes).
    Removing stm32f1xx_hal.o(i.HAL_MspDeInit), (2 bytes).
    Removing stm32f1xx_hal.o(i.HAL_MspInit), (2 bytes).
    Removing stm32f1xx_hal.o(i.HAL_ResumeTick), (14 bytes).
    Removing stm32f1xx_hal.o(i.HAL_SetTickFreq), (36 bytes).
    Removing stm32f1xx_hal.o(i.HAL_SuspendTick), (14 bytes).
    Removing stm32f1xx_hal_rcc.o(.rev16_text), (4 bytes).
    Removing stm32f1xx_hal_rcc.o(.revsh_text), (4 bytes).
    Removing stm32f1xx_hal_rcc.o(.rrx_text), (6 bytes).
    Removing stm32f1xx_hal_rcc.o(i.HAL_RCC_CSSCallback), (2 bytes).
    Removing stm32f1xx_hal_rcc.o(i.HAL_RCC_DeInit), (220 bytes).
    Removing stm32f1xx_hal_rcc.o(i.HAL_RCC_DisableCSS), (12 bytes).
    Removing stm32f1xx_hal_rcc.o(i.HAL_RCC_EnableCSS), (12 bytes).
    Removing stm32f1xx_hal_rcc.o(i.HAL_RCC_GetClockConfig), (64 bytes).
    Removing stm32f1xx_hal_rcc.o(i.HAL_RCC_GetHCLKFreq), (12 bytes).
    Removing stm32f1xx_hal_rcc.o(i.HAL_RCC_GetOscConfig), (144 bytes).
    Removing stm32f1xx_hal_rcc.o(i.HAL_RCC_MCOConfig), (72 bytes).
    Removing stm32f1xx_hal_rcc.o(i.HAL_RCC_NMI_IRQHandler), (24 bytes).
    Removing stm32f1xx_hal_rcc_ex.o(.rev16_text), (4 bytes).
    Removing stm32f1xx_hal_rcc_ex.o(.revsh_text), (4 bytes).
    Removing stm32f1xx_hal_rcc_ex.o(.rrx_text), (6 bytes).
    Removing stm32f1xx_hal_rcc_ex.o(i.HAL_RCCEx_GetPeriphCLKConfig), (44 bytes).
    Removing stm32f1xx_hal_rcc_ex.o(i.HAL_RCCEx_GetPeriphCLKFreq), (200 bytes).
    Removing stm32f1xx_hal_rcc_ex.o(i.HAL_RCCEx_PeriphCLKConfig), (236 bytes).
    Removing stm32f1xx_hal_gpio.o(.rev16_text), (4 bytes).
    Removing stm32f1xx_hal_gpio.o(.revsh_text), (4 bytes).
    Removing stm32f1xx_hal_gpio.o(.rrx_text), (6 bytes).
    Removing stm32f1xx_hal_gpio.o(i.HAL_GPIO_DeInit), (252 bytes).
    Removing stm32f1xx_hal_gpio.o(i.HAL_GPIO_EXTI_Callback), (2 bytes).
    Removing stm32f1xx_hal_gpio.o(i.HAL_GPIO_EXTI_IRQHandler), (24 bytes).
    Removing stm32f1xx_hal_gpio.o(i.HAL_GPIO_LockPin), (34 bytes).
    Removing stm32f1xx_hal_gpio.o(i.HAL_GPIO_ReadPin), (10 bytes).
    Removing stm32f1xx_hal_gpio.o(i.HAL_GPIO_TogglePin), (16 bytes).
    Removing stm32f1xx_hal_dma.o(.rev16_text), (4 bytes).
    Removing stm32f1xx_hal_dma.o(.revsh_text), (4 bytes).
    Removing stm32f1xx_hal_dma.o(.rrx_text), (6 bytes).
    Removing stm32f1xx_hal_dma.o(i.DMA_SetConfig), (42 bytes).
    Removing stm32f1xx_hal_dma.o(i.HAL_DMA_Abort), (70 bytes).
    Removing stm32f1xx_hal_dma.o(i.HAL_DMA_DeInit), (92 bytes).
    Removing stm32f1xx_hal_dma.o(i.HAL_DMA_GetError), (4 bytes).
    Removing stm32f1xx_hal_dma.o(i.HAL_DMA_GetState), (6 bytes).
    Removing stm32f1xx_hal_dma.o(i.HAL_DMA_IRQHandler), (340 bytes).
    Removing stm32f1xx_hal_dma.o(i.HAL_DMA_Init), (92 bytes).
    Removing stm32f1xx_hal_dma.o(i.HAL_DMA_PollForTransfer), (532 bytes).
    Removing stm32f1xx_hal_dma.o(i.HAL_DMA_RegisterCallback), (74 bytes).
    Removing stm32f1xx_hal_dma.o(i.HAL_DMA_Start), (80 bytes).
    Removing stm32f1xx_hal_dma.o(i.HAL_DMA_Start_IT), (112 bytes).
    Removing stm32f1xx_hal_dma.o(i.HAL_DMA_UnRegisterCallback), (82 bytes).
    Removing stm32f1xx_hal_cortex.o(.rev16_text), (4 bytes).
    Removing stm32f1xx_hal_cortex.o(.revsh_text), (4 bytes).
    Removing stm32f1xx_hal_cortex.o(.rrx_text), (6 bytes).
    Removing stm32f1xx_hal_cortex.o(i.HAL_NVIC_ClearPendingIRQ), (26 bytes).
    Removing stm32f1xx_hal_cortex.o(i.HAL_NVIC_DisableIRQ), (34 bytes).
    Removing stm32f1xx_hal_cortex.o(i.HAL_NVIC_GetActive), (36 bytes).
    Removing stm32f1xx_hal_cortex.o(i.HAL_NVIC_GetPendingIRQ), (36 bytes).
    Removing stm32f1xx_hal_cortex.o(i.HAL_NVIC_GetPriority), (82 bytes).
    Removing stm32f1xx_hal_cortex.o(i.HAL_NVIC_GetPriorityGrouping), (16 bytes).
    Removing stm32f1xx_hal_cortex.o(i.HAL_NVIC_SetPendingIRQ), (26 bytes).
    Removing stm32f1xx_hal_cortex.o(i.HAL_NVIC_SystemReset), (36 bytes).
    Removing stm32f1xx_hal_cortex.o(i.HAL_SYSTICK_CLKSourceConfig), (24 bytes).
    Removing stm32f1xx_hal_cortex.o(i.HAL_SYSTICK_Callback), (2 bytes).
    Removing stm32f1xx_hal_cortex.o(i.HAL_SYSTICK_IRQHandler), (8 bytes).
    Removing stm32f1xx_hal_pwr.o(.rev16_text), (4 bytes).
    Removing stm32f1xx_hal_pwr.o(.revsh_text), (4 bytes).
    Removing stm32f1xx_hal_pwr.o(.rrx_text), (6 bytes).
    Removing stm32f1xx_hal_pwr.o(i.HAL_PWR_ConfigPVD), (124 bytes).
    Removing stm32f1xx_hal_pwr.o(i.HAL_PWR_DeInit), (24 bytes).
    Removing stm32f1xx_hal_pwr.o(i.HAL_PWR_DisableBkUpAccess), (12 bytes).
    Removing stm32f1xx_hal_pwr.o(i.HAL_PWR_DisablePVD), (12 bytes).
    Removing stm32f1xx_hal_pwr.o(i.HAL_PWR_DisableSEVOnPend), (16 bytes).
    Removing stm32f1xx_hal_pwr.o(i.HAL_PWR_DisableSleepOnExit), (16 bytes).
    Removing stm32f1xx_hal_pwr.o(i.HAL_PWR_DisableWakeUpPin), (28 bytes).
    Removing stm32f1xx_hal_pwr.o(i.HAL_PWR_EnableBkUpAccess), (12 bytes).
    Removing stm32f1xx_hal_pwr.o(i.HAL_PWR_EnablePVD), (12 bytes).
    Removing stm32f1xx_hal_pwr.o(i.HAL_PWR_EnableSEVOnPend), (16 bytes).
    Removing stm32f1xx_hal_pwr.o(i.HAL_PWR_EnableSleepOnExit), (16 bytes).
    Removing stm32f1xx_hal_pwr.o(i.HAL_PWR_EnableWakeUpPin), (28 bytes).
    Removing stm32f1xx_hal_pwr.o(i.HAL_PWR_EnterSLEEPMode), (32 bytes).
    Removing stm32f1xx_hal_pwr.o(i.HAL_PWR_EnterSTANDBYMode), (32 bytes).
    Removing stm32f1xx_hal_pwr.o(i.HAL_PWR_EnterSTOPMode), (68 bytes).
    Removing stm32f1xx_hal_pwr.o(i.HAL_PWR_PVDCallback), (2 bytes).
    Removing stm32f1xx_hal_pwr.o(i.HAL_PWR_PVD_IRQHandler), (28 bytes).
    Removing stm32f1xx_hal_pwr.o(i.PWR_OverloadWfe), (6 bytes).
    Removing stm32f1xx_hal_flash.o(.rev16_text), (4 bytes).
    Removing stm32f1xx_hal_flash.o(.revsh_text), (4 bytes).
    Removing stm32f1xx_hal_flash.o(.rrx_text), (6 bytes).
    Removing stm32f1xx_hal_flash.o(i.FLASH_Program_HalfWord), (28 bytes).
    Removing stm32f1xx_hal_flash.o(i.FLASH_SetErrorCode), (92 bytes).
    Removing stm32f1xx_hal_flash.o(i.FLASH_WaitForLastOperation), (84 bytes).
    Removing stm32f1xx_hal_flash.o(i.HAL_FLASH_EndOfOperationCallback), (2 bytes).
    Removing stm32f1xx_hal_flash.o(i.HAL_FLASH_GetError), (12 bytes).
    Removing stm32f1xx_hal_flash.o(i.HAL_FLASH_IRQHandler), (264 bytes).
    Removing stm32f1xx_hal_flash.o(i.HAL_FLASH_Lock), (20 bytes).
    Removing stm32f1xx_hal_flash.o(i.HAL_FLASH_OB_Launch), (4 bytes).
    Removing stm32f1xx_hal_flash.o(i.HAL_FLASH_OB_Lock), (20 bytes).
    Removing stm32f1xx_hal_flash.o(i.HAL_FLASH_OB_Unlock), (36 bytes).
    Removing stm32f1xx_hal_flash.o(i.HAL_FLASH_OperationErrorCallback), (2 bytes).
    Removing stm32f1xx_hal_flash.o(i.HAL_FLASH_Program), (128 bytes).
    Removing stm32f1xx_hal_flash.o(i.HAL_FLASH_Program_IT), (100 bytes).
    Removing stm32f1xx_hal_flash.o(i.HAL_FLASH_Unlock), (40 bytes).
    Removing stm32f1xx_hal_flash.o(.bss), (32 bytes).
    Removing stm32f1xx_hal_flash_ex.o(.rev16_text), (4 bytes).
    Removing stm32f1xx_hal_flash_ex.o(.revsh_text), (4 bytes).
    Removing stm32f1xx_hal_flash_ex.o(.rrx_text), (6 bytes).
    Removing stm32f1xx_hal_flash_ex.o(i.FLASH_MassErase), (36 bytes).
    Removing stm32f1xx_hal_flash_ex.o(i.FLASH_OB_DisableWRP), (176 bytes).
    Removing stm32f1xx_hal_flash_ex.o(i.FLASH_OB_EnableWRP), (176 bytes).
    Removing stm32f1xx_hal_flash_ex.o(i.FLASH_OB_GetRDP), (24 bytes).
    Removing stm32f1xx_hal_flash_ex.o(i.FLASH_OB_RDP_LevelConfig), (100 bytes).
    Removing stm32f1xx_hal_flash_ex.o(i.FLASH_PageErase), (36 bytes).
    Removing stm32f1xx_hal_flash_ex.o(i.HAL_FLASHEx_Erase), (168 bytes).
    Removing stm32f1xx_hal_flash_ex.o(i.HAL_FLASHEx_Erase_IT), (84 bytes).
    Removing stm32f1xx_hal_flash_ex.o(i.HAL_FLASHEx_OBErase), (84 bytes).
    Removing stm32f1xx_hal_flash_ex.o(i.HAL_FLASHEx_OBGetConfig), (36 bytes).
    Removing stm32f1xx_hal_flash_ex.o(i.HAL_FLASHEx_OBGetUserData), (32 bytes).
    Removing stm32f1xx_hal_flash_ex.o(i.HAL_FLASHEx_OBProgram), (200 bytes).
    Removing stm32f1xx_hal_exti.o(.rev16_text), (4 bytes).
    Removing stm32f1xx_hal_exti.o(.revsh_text), (4 bytes).
    Removing stm32f1xx_hal_exti.o(.rrx_text), (6 bytes).
    Removing stm32f1xx_hal_exti.o(i.HAL_EXTI_ClearConfigLine), (104 bytes).
    Removing stm32f1xx_hal_exti.o(i.HAL_EXTI_ClearPending), (20 bytes).
    Removing stm32f1xx_hal_exti.o(i.HAL_EXTI_GenerateSWI), (20 bytes).
    Removing stm32f1xx_hal_exti.o(i.HAL_EXTI_GetConfigLine), (152 bytes).
    Removing stm32f1xx_hal_exti.o(i.HAL_EXTI_GetHandle), (12 bytes).
    Removing stm32f1xx_hal_exti.o(i.HAL_EXTI_GetPending), (24 bytes).
    Removing stm32f1xx_hal_exti.o(i.HAL_EXTI_IRQHandler), (36 bytes).
    Removing stm32f1xx_hal_exti.o(i.HAL_EXTI_RegisterCallback), (14 bytes).
    Removing stm32f1xx_hal_exti.o(i.HAL_EXTI_SetConfigLine), (164 bytes).
    Removing system_stm32f1xx.o(.rev16_text), (4 bytes).
    Removing system_stm32f1xx.o(.revsh_text), (4 bytes).
    Removing system_stm32f1xx.o(.rrx_text), (6 bytes).
    Removing system_stm32f1xx.o(i.SystemCoreClockUpdate), (104 bytes).
    Removing dflti.o(.text), (34 bytes).
    Removing f2d.o(.text), (38 bytes).

327 unused section(s) (total 14955 bytes) removed from the image.

==============================================================================

Image Symbol Table

    Local Symbols

    Symbol Name                              Value     Ov Type        Size  Object(Section)

    ../Drivers/STM32F1xx_HAL_Driver/Src/stm32f1xx_hal.c 0x00000000   Number         0  stm32f1xx_hal.o ABSOLUTE
    ../Drivers/STM32F1xx_HAL_Driver/Src/stm32f1xx_hal_cortex.c 0x00000000   Number         0  stm32f1xx_hal_cortex.o ABSOLUTE
    ../Drivers/STM32F1xx_HAL_Driver/Src/stm32f1xx_hal_dma.c 0x00000000   Number         0  stm32f1xx_hal_dma.o ABSOLUTE
    ../Drivers/STM32F1xx_HAL_Driver/Src/stm32f1xx_hal_exti.c 0x00000000   Number         0  stm32f1xx_hal_exti.o ABSOLUTE
    ../Drivers/STM32F1xx_HAL_Driver/Src/stm32f1xx_hal_flash.c 0x00000000   Number         0  stm32f1xx_hal_flash.o ABSOLUTE
    ../Drivers/STM32F1xx_HAL_Driver/Src/stm32f1xx_hal_flash_ex.c 0x00000000   Number         0  stm32f1xx_hal_flash_ex.o ABSOLUTE
    ../Drivers/STM32F1xx_HAL_Driver/Src/stm32f1xx_hal_gpio.c 0x00000000   Number         0  stm32f1xx_hal_gpio.o ABSOLUTE
    ../Drivers/STM32F1xx_HAL_Driver/Src/stm32f1xx_hal_gpio_ex.c 0x00000000   Number         0  stm32f1xx_hal_gpio_ex.o ABSOLUTE
    ../Drivers/STM32F1xx_HAL_Driver/Src/stm32f1xx_hal_pwr.c 0x00000000   Number         0  stm32f1xx_hal_pwr.o ABSOLUTE
    ../Drivers/STM32F1xx_HAL_Driver/Src/stm32f1xx_hal_rcc.c 0x00000000   Number         0  stm32f1xx_hal_rcc.o ABSOLUTE
    ../Drivers/STM32F1xx_HAL_Driver/Src/stm32f1xx_hal_rcc_ex.c 0x00000000   Number         0  stm32f1xx_hal_rcc_ex.o ABSOLUTE
    ../Drivers/STM32F1xx_HAL_Driver/Src/stm32f1xx_hal_tim.c 0x00000000   Number         0  stm32f1xx_hal_tim.o ABSOLUTE
    ../Drivers/STM32F1xx_HAL_Driver/Src/stm32f1xx_hal_tim_ex.c 0x00000000   Number         0  stm32f1xx_hal_tim_ex.o ABSOLUTE
    ../Src/gpio.c                            0x00000000   Number         0  gpio.o ABSOLUTE
    ../Src/main.c                            0x00000000   Number         0  main.o ABSOLUTE
    ../Src/stm32f1xx_hal_msp.c               0x00000000   Number         0  stm32f1xx_hal_msp.o ABSOLUTE
    ../Src/stm32f1xx_it.c                    0x00000000   Number         0  stm32f1xx_it.o ABSOLUTE
    ../Src/system_stm32f1xx.c                0x00000000   Number         0  system_stm32f1xx.o ABSOLUTE
    ../Src/usart.c                           0x00000000   Number         0  usart.o ABSOLUTE
    ../clib/microlib/ctype/ctype.c           0x00000000   Number         0  isspace_c.o ABSOLUTE
    ../clib/microlib/ctype/ctype.c           0x00000000   Number         0  ctype_c.o ABSOLUTE
    ../clib/microlib/ctype/tolower.c         0x00000000   Number         0  tolower.o ABSOLUTE
    ../clib/microlib/division.c              0x00000000   Number         0  uldiv.o ABSOLUTE
    ../clib/microlib/division.c              0x00000000   Number         0  uidiv.o ABSOLUTE
    ../clib/microlib/init/entry.s            0x00000000   Number         0  entry7a.o ABSOLUTE
    ../clib/microlib/init/entry.s            0x00000000   Number         0  entry7b.o ABSOLUTE
    ../clib/microlib/init/entry.s            0x00000000   Number         0  entry8a.o ABSOLUTE
    ../clib/microlib/init/entry.s            0x00000000   Number         0  entry8b.o ABSOLUTE
    ../clib/microlib/init/entry.s            0x00000000   Number         0  entry9b.o ABSOLUTE
    ../clib/microlib/init/entry.s            0x00000000   Number         0  entry9a.o ABSOLUTE
    ../clib/microlib/init/entry.s            0x00000000   Number         0  entry10a.o ABSOLUTE
    ../clib/microlib/init/entry.s            0x00000000   Number         0  entry11a.o ABSOLUTE
    ../clib/microlib/init/entry.s            0x00000000   Number         0  entry10b.o ABSOLUTE
    ../clib/microlib/init/entry.s            0x00000000   Number         0  entry11b.o ABSOLUTE
    ../clib/microlib/init/entry.s            0x00000000   Number         0  entry.o ABSOLUTE
    ../clib/microlib/init/entry.s            0x00000000   Number         0  entry2.o ABSOLUTE
    ../clib/microlib/init/entry.s            0x00000000   Number         0  entry5.o ABSOLUTE
    ../clib/microlib/longlong.c              0x00000000   Number         0  llsshr.o ABSOLUTE
    ../clib/microlib/longlong.c              0x00000000   Number         0  llshl.o ABSOLUTE
    ../clib/microlib/longlong.c              0x00000000   Number         0  llushr.o ABSOLUTE
    ../clib/microlib/malloc/malloc.c         0x00000000   Number         0  malloca.o ABSOLUTE
    ../clib/microlib/malloc/malloc.c         0x00000000   Number         0  mallocra.o ABSOLUTE
    ../clib/microlib/malloc/malloc.c         0x00000000   Number         0  malloc.o ABSOLUTE
    ../clib/microlib/malloc/malloc.c         0x00000000   Number         0  mallocr.o ABSOLUTE
    ../clib/microlib/malloc/mvars.c          0x00000000   Number         0  mvars.o ABSOLUTE
    ../clib/microlib/printf/printf.c         0x00000000   Number         0  printfb.o ABSOLUTE
    ../clib/microlib/printf/printf.c         0x00000000   Number         0  printf0.o ABSOLUTE
    ../clib/microlib/printf/printf.c         0x00000000   Number         0  printf8.o ABSOLUTE
    ../clib/microlib/printf/printf.c         0x00000000   Number         0  printf1.o ABSOLUTE
    ../clib/microlib/printf/printf.c         0x00000000   Number         0  printfa.o ABSOLUTE
    ../clib/microlib/printf/printf.c         0x00000000   Number         0  printf2.o ABSOLUTE
    ../clib/microlib/printf/printf.c         0x00000000   Number         0  printf6.o ABSOLUTE
    ../clib/microlib/printf/printf.c         0x00000000   Number         0  printf7.o ABSOLUTE
    ../clib/microlib/printf/printf.c         0x00000000   Number         0  printf4.o ABSOLUTE
    ../clib/microlib/printf/printf.c         0x00000000   Number         0  printf3.o ABSOLUTE
    ../clib/microlib/printf/printf.c         0x00000000   Number         0  printf5.o ABSOLUTE
    ../clib/microlib/printf/stubs.s          0x00000000   Number         0  stubs.o ABSOLUTE
    ../clib/microlib/stdio/fgetc.c           0x00000000   Number         0  fgetc_ub.o ABSOLUTE
    ../clib/microlib/stdio/fgetc.c           0x00000000   Number         0  fgetc_u.o ABSOLUTE
    ../clib/microlib/stdio/fgetc.c           0x00000000   Number         0  fgetc.o ABSOLUTE
    ../clib/microlib/stdio/fgetc.c           0x00000000   Number         0  fgetc_b.o ABSOLUTE
    ../clib/microlib/stdio/getc.c            0x00000000   Number         0  getc.o ABSOLUTE
    ../clib/microlib/stdio/semi.s            0x00000000   Number         0  semi.o ABSOLUTE
    ../clib/microlib/stdio/streams.c         0x00000000   Number         0  stdout.o ABSOLUTE
    ../clib/microlib/stdio/streams.c         0x00000000   Number         0  stdin.o ABSOLUTE
    ../clib/microlib/string/memcpy.c         0x00000000   Number         0  memcpya.o ABSOLUTE
    ../clib/microlib/string/memcpy.c         0x00000000   Number         0  memcpyb.o ABSOLUTE
    ../clib/microlib/string/memset.c         0x00000000   Number         0  memseta.o ABSOLUTE
    ../clib/microlib/string/strcmp.c         0x00000000   Number         0  strcmp.o ABSOLUTE
    ../clib/microlib/string/strcpy.c         0x00000000   Number         0  strcpy.o ABSOLUTE
    ../clib/microlib/string/strlen.c         0x00000000   Number         0  strlen.o ABSOLUTE
    ../clib/microlib/string/strncmp.c        0x00000000   Number         0  strncmp.o ABSOLUTE
    ../clib/microlib/stubs.s                 0x00000000   Number         0  iusesemig.o ABSOLUTE
    ../clib/microlib/stubs.s                 0x00000000   Number         0  iusefp.o ABSOLUTE
    ../clib/scanf.c                          0x00000000   Number         0  _scanf.o ABSOLUTE
    ../clib/scanf.c                          0x00000000   Number         0  scanf_fp.o ABSOLUTE
    ../clib/scanf.c                          0x00000000   Number         0  __0sscanf.o ABSOLUTE
    ../clib/scanf.c                          0x00000000   Number         0  scanf_char.o ABSOLUTE
    ../clib/scanf.c                          0x00000000   Number         0  _sgetc.o ABSOLUTE
    ../clib/scanf.c                          0x00000000   Number         0  strtod.o ABSOLUTE
    ../fplib/microlib/d2f.c                  0x00000000   Number         0  d2f.o ABSOLUTE
    ../fplib/microlib/f2d.c                  0x00000000   Number         0  f2d.o ABSOLUTE
    ../fplib/microlib/fpadd.c                0x00000000   Number         0  dadd.o ABSOLUTE
    ../fplib/microlib/fpdiv.c                0x00000000   Number         0  ddiv.o ABSOLUTE
    ../fplib/microlib/fpepilogue.c           0x00000000   Number         0  fepilogue.o ABSOLUTE
    ../fplib/microlib/fpepilogue.c           0x00000000   Number         0  depilogue.o ABSOLUTE
    ../fplib/microlib/fpfix.c                0x00000000   Number         0  dfixi.o ABSOLUTE
    ../fplib/microlib/fpfix.c                0x00000000   Number         0  dfixul.o ABSOLUTE
    ../fplib/microlib/fpflt.c                0x00000000   Number         0  dfltul.o ABSOLUTE
    ../fplib/microlib/fpflt.c                0x00000000   Number         0  dflti.o ABSOLUTE
    ../fplib/microlib/fpflt.c                0x00000000   Number         0  dfltui.o ABSOLUTE
    ../fplib/microlib/fpmul.c                0x00000000   Number         0  dmul.o ABSOLUTE
    ../fplib/microlib/fpscalb.c              0x00000000   Number         0  dscalb.o ABSOLUTE
    ../mathlib/strtod.c                      0x00000000   Number         0  strtod.o ABSOLUTE
    ..\Drivers\STM32F1xx_HAL_Driver\Src\stm32f1xx_hal.c 0x00000000   Number         0  stm32f1xx_hal.o ABSOLUTE
    ..\Drivers\STM32F1xx_HAL_Driver\Src\stm32f1xx_hal_cortex.c 0x00000000   Number         0  stm32f1xx_hal_cortex.o ABSOLUTE
    ..\Drivers\STM32F1xx_HAL_Driver\Src\stm32f1xx_hal_dma.c 0x00000000   Number         0  stm32f1xx_hal_dma.o ABSOLUTE
    ..\Drivers\STM32F1xx_HAL_Driver\Src\stm32f1xx_hal_exti.c 0x00000000   Number         0  stm32f1xx_hal_exti.o ABSOLUTE
    ..\Drivers\STM32F1xx_HAL_Driver\Src\stm32f1xx_hal_flash.c 0x00000000   Number         0  stm32f1xx_hal_flash.o ABSOLUTE
    ..\Drivers\STM32F1xx_HAL_Driver\Src\stm32f1xx_hal_flash_ex.c 0x00000000   Number         0  stm32f1xx_hal_flash_ex.o ABSOLUTE
    ..\Drivers\STM32F1xx_HAL_Driver\Src\stm32f1xx_hal_gpio.c 0x00000000   Number         0  stm32f1xx_hal_gpio.o ABSOLUTE
    ..\Drivers\STM32F1xx_HAL_Driver\Src\stm32f1xx_hal_gpio_ex.c 0x00000000   Number         0  stm32f1xx_hal_gpio_ex.o ABSOLUTE
    ..\Drivers\STM32F1xx_HAL_Driver\Src\stm32f1xx_hal_pwr.c 0x00000000   Number         0  stm32f1xx_hal_pwr.o ABSOLUTE
    ..\Drivers\STM32F1xx_HAL_Driver\Src\stm32f1xx_hal_rcc.c 0x00000000   Number         0  stm32f1xx_hal_rcc.o ABSOLUTE
    ..\Drivers\STM32F1xx_HAL_Driver\Src\stm32f1xx_hal_rcc_ex.c 0x00000000   Number         0  stm32f1xx_hal_rcc_ex.o ABSOLUTE
    ..\Drivers\STM32F1xx_HAL_Driver\Src\stm32f1xx_hal_tim.c 0x00000000   Number         0  stm32f1xx_hal_tim.o ABSOLUTE
    ..\Drivers\STM32F1xx_HAL_Driver\Src\stm32f1xx_hal_tim_ex.c 0x00000000   Number         0  stm32f1xx_hal_tim_ex.o ABSOLUTE
    ..\Drivers\STM32F1xx_HAL_Driver\Src\stm32f1xx_hal_uart.c 0x00000000   Number         0  stm32f1xx_hal_uart.o ABSOLUTE
    ..\Drivers\STM32F1xx_HAL_Driver\Src\stm32f1xx_hal_usart.c 0x00000000   Number         0  stm32f1xx_hal_usart.o ABSOLUTE
    ..\Drivers\STM32F1xx_HAL_Driver\Src\stm32f1xx_ll_usart.c 0x00000000   Number         0  stm32f1xx_ll_usart.o ABSOLUTE
    ..\Src\NBiot.c                           0x00000000   Number         0  nbiot.o ABSOLUTE
    ..\Src\cJSON.c                           0x00000000   Number         0  cjson.o ABSOLUTE
    ..\Src\delay.c                           0x00000000   Number         0  delay.o ABSOLUTE
    ..\Src\dht.c                             0x00000000   Number         0  dht.o ABSOLUTE
    ..\Src\gpio.c                            0x00000000   Number         0  gpio.o ABSOLUTE
    ..\Src\main.c                            0x00000000   Number         0  main.o ABSOLUTE
    ..\Src\message.c                         0x00000000   Number         0  message.o ABSOLUTE
    ..\Src\stm32f1xx_hal_msp.c               0x00000000   Number         0  stm32f1xx_hal_msp.o ABSOLUTE
    ..\Src\stm32f1xx_it.c                    0x00000000   Number         0  stm32f1xx_it.o ABSOLUTE
    ..\Src\system_stm32f1xx.c                0x00000000   Number         0  system_stm32f1xx.o ABSOLUTE
    ..\Src\usart.c                           0x00000000   Number         0  usart.o ABSOLUTE
    ..\\Drivers\\STM32F1xx_HAL_Driver\\Src\\stm32f1xx_hal_uart.c 0x00000000   Number         0  stm32f1xx_hal_uart.o ABSOLUTE
    ..\\Drivers\\STM32F1xx_HAL_Driver\\Src\\stm32f1xx_hal_usart.c 0x00000000   Number         0  stm32f1xx_hal_usart.o ABSOLUTE
    ..\\Src\\NBiot.c                         0x00000000   Number         0  nbiot.o ABSOLUTE
    ..\\Src\\delay.c                         0x00000000   Number         0  delay.o ABSOLUTE
    ..\\Src\\dht.c                           0x00000000   Number         0  dht.o ABSOLUTE
    ..\\Src\\message.c                       0x00000000   Number         0  message.o ABSOLUTE
    cdcmple.s                                0x00000000   Number         0  cdcmple.o ABSOLUTE
    cdrcmple.s                               0x00000000   Number         0  cdrcmple.o ABSOLUTE
    dc.s                                     0x00000000   Number         0  dc.o ABSOLUTE
    handlers.s                               0x00000000   Number         0  handlers.o ABSOLUTE
    init.s                                   0x00000000   Number         0  init.o ABSOLUTE
    startup_stm32f103xb.s                    0x00000000   Number         0  startup_stm32f103xb.o ABSOLUTE
    RESET                                    0x08000000   Section      236  startup_stm32f103xb.o(RESET)
    .ARM.Collect$$$$00000000                 0x080000ec   Section        0  entry.o(.ARM.Collect$$$$00000000)
    .ARM.Collect$$$$00000001                 0x080000ec   Section        4  entry2.o(.ARM.Collect$$$$00000001)
    .ARM.Collect$$$$00000004                 0x080000f0   Section        4  entry5.o(.ARM.Collect$$$$00000004)
    .ARM.Collect$$$$00000008                 0x080000f4   Section        0  entry7b.o(.ARM.Collect$$$$00000008)
    .ARM.Collect$$$$0000000A                 0x080000f4   Section        0  entry8b.o(.ARM.Collect$$$$0000000A)
    .ARM.Collect$$$$0000000B                 0x080000f4   Section        8  entry9a.o(.ARM.Collect$$$$0000000B)
    .ARM.Collect$$$$0000000D                 0x080000fc   Section        0  entry10a.o(.ARM.Collect$$$$0000000D)
    .ARM.Collect$$$$0000000F                 0x080000fc   Section        0  entry11a.o(.ARM.Collect$$$$0000000F)
    .ARM.Collect$$$$00002712                 0x080000fc   Section        4  entry2.o(.ARM.Collect$$$$00002712)
    __lit__00000000                          0x080000fc   Data           4  entry2.o(.ARM.Collect$$$$00002712)
    .text                                    0x08000100   Section       36  startup_stm32f103xb.o(.text)
    .text                                    0x08000124   Section        0  llushr.o(.text)
    .text                                    0x08000144   Section        0  memcpya.o(.text)
    .text                                    0x08000168   Section        0  memseta.o(.text)
    .text                                    0x0800018c   Section        0  strlen.o(.text)
    .text                                    0x0800019a   Section        0  strcpy.o(.text)
    .text                                    0x080001ac   Section        0  __0sscanf.o(.text)
    .text                                    0x080001e4   Section        0  scanf_fp.o(.text)
    _fp_value                                0x080001e5   Thumb Code   256  scanf_fp.o(.text)
    .text                                    0x0800051c   Section        0  dadd.o(.text)
    .text                                    0x0800066a   Section        0  ddiv.o(.text)
    .text                                    0x08000748   Section        0  dscalb.o(.text)
    .text                                    0x08000776   Section        0  dfltui.o(.text)
    .text                                    0x08000790   Section        0  dfixi.o(.text)
    .text                                    0x080007d0   Section       48  cdcmple.o(.text)
    .text                                    0x08000800   Section       48  cdrcmple.o(.text)
    .text                                    0x08000830   Section        0  d2f.o(.text)
    .text                                    0x08000868   Section        0  uidiv.o(.text)
    .text                                    0x08000894   Section        0  uldiv.o(.text)
    .text                                    0x080008f6   Section        0  llshl.o(.text)
    .text                                    0x08000914   Section        0  llsshr.o(.text)
    .text                                    0x08000938   Section        0  scanf_char.o(.text)
    _scanf_char_input                        0x08000939   Thumb Code    12  scanf_char.o(.text)
    .text                                    0x08000960   Section        0  _sgetc.o(.text)
    .text                                    0x080009a0   Section        0  iusefp.o(.text)
    .text                                    0x080009a0   Section        0  fepilogue.o(.text)
    .text                                    0x08000a0e   Section        0  depilogue.o(.text)
    .text                                    0x08000ac8   Section        0  dmul.o(.text)
    .text                                    0x08000bac   Section        0  dfltul.o(.text)
    .text                                    0x08000bc4   Section        0  dfixul.o(.text)
    .text                                    0x08000bf4   Section       36  init.o(.text)
    .text                                    0x08000c18   Section        0  isspace_c.o(.text)
    .text                                    0x08000c24   Section        0  _scanf.o(.text)
    .text                                    0x08000f50   Section        0  ctype_c.o(.text)
    i.BusFault_Handler                       0x08000f78   Section        0  stm32f1xx_it.o(i.BusFault_Handler)
    i.DHT11_Check                            0x08000f7c   Section        0  dht.o(i.DHT11_Check)
    i.DHT11_Init                             0x08000fd0   Section        0  dht.o(i.DHT11_Init)
    i.DHT11_Read_Bit                         0x08001010   Section        0  dht.o(i.DHT11_Read_Bit)
    i.DHT11_Read_Byte                        0x0800105c   Section        0  dht.o(i.DHT11_Read_Byte)
    i.DHT11_Read_Data                        0x08001076   Section        0  dht.o(i.DHT11_Read_Data)
    i.DHT11_Rst                              0x080010c8   Section        0  dht.o(i.DHT11_Rst)
    i.DebugMon_Handler                       0x080010f4   Section        0  stm32f1xx_it.o(i.DebugMon_Handler)
    i.Error_Handler                          0x080010f6   Section        0  main.o(i.Error_Handler)
    i.HAL_DMA_Abort_IT                       0x080010f8   Section        0  stm32f1xx_hal_dma.o(i.HAL_DMA_Abort_IT)
    i.HAL_Delay                              0x08001190   Section        0  stm32f1xx_hal.o(i.HAL_Delay)
    i.HAL_GPIO_Init                          0x080011b4   Section        0  stm32f1xx_hal_gpio.o(i.HAL_GPIO_Init)
    i.HAL_GPIO_WritePin                      0x08001394   Section        0  stm32f1xx_hal_gpio.o(i.HAL_GPIO_WritePin)
    i.HAL_GetTick                            0x080013a0   Section        0  stm32f1xx_hal.o(i.HAL_GetTick)
    i.HAL_IncTick                            0x080013ac   Section        0  stm32f1xx_hal.o(i.HAL_IncTick)
    i.HAL_Init                               0x080013bc   Section        0  stm32f1xx_hal.o(i.HAL_Init)
    i.HAL_InitTick                           0x080013e0   Section        0  stm32f1xx_hal.o(i.HAL_InitTick)
    i.HAL_MspInit                            0x08001420   Section        0  stm32f1xx_hal_msp.o(i.HAL_MspInit)
    i.HAL_NVIC_EnableIRQ                     0x08001464   Section        0  stm32f1xx_hal_cortex.o(i.HAL_NVIC_EnableIRQ)
    i.HAL_NVIC_SetPriority                   0x08001480   Section        0  stm32f1xx_hal_cortex.o(i.HAL_NVIC_SetPriority)
    i.HAL_NVIC_SetPriorityGrouping           0x080014c0   Section        0  stm32f1xx_hal_cortex.o(i.HAL_NVIC_SetPriorityGrouping)
    i.HAL_RCC_ClockConfig                    0x080014e4   Section        0  stm32f1xx_hal_rcc.o(i.HAL_RCC_ClockConfig)
    i.HAL_RCC_GetPCLK1Freq                   0x08001610   Section        0  stm32f1xx_hal_rcc.o(i.HAL_RCC_GetPCLK1Freq)
    i.HAL_RCC_GetPCLK2Freq                   0x08001630   Section        0  stm32f1xx_hal_rcc.o(i.HAL_RCC_GetPCLK2Freq)
    i.HAL_RCC_GetSysClockFreq                0x08001650   Section        0  stm32f1xx_hal_rcc.o(i.HAL_RCC_GetSysClockFreq)
    i.HAL_RCC_OscConfig                      0x080016bc   Section        0  stm32f1xx_hal_rcc.o(i.HAL_RCC_OscConfig)
    i.HAL_SYSTICK_Config                     0x080019dc   Section        0  stm32f1xx_hal_cortex.o(i.HAL_SYSTICK_Config)
    i.HAL_UART_ErrorCallback                 0x08001a04   Section        0  stm32f1xx_hal_uart.o(i.HAL_UART_ErrorCallback)
    i.HAL_UART_IRQHandler                    0x08001a08   Section        0  stm32f1xx_hal_uart.o(i.HAL_UART_IRQHandler)
    i.HAL_UART_Init                          0x08001b64   Section        0  stm32f1xx_hal_uart.o(i.HAL_UART_Init)
    i.HAL_UART_MspInit                       0x08001bc8   Section        0  usart.o(i.HAL_UART_MspInit)
    i.HAL_UART_Receive_IT                    0x08001c48   Section        0  stm32f1xx_hal_uart.o(i.HAL_UART_Receive_IT)
    i.HAL_UART_RxCpltCallback                0x08001c9c   Section        0  usart.o(i.HAL_UART_RxCpltCallback)
    i.HAL_UART_Transmit                      0x08001ccc   Section        0  stm32f1xx_hal_uart.o(i.HAL_UART_Transmit)
    i.HAL_UART_Transmit_IT                   0x08001d7e   Section        0  stm32f1xx_hal_uart.o(i.HAL_UART_Transmit_IT)
    i.HAL_UART_TxCpltCallback                0x08001dbc   Section        0  usart.o(i.HAL_UART_TxCpltCallback)
    i.HardFault_Handler                      0x08001dc8   Section        0  stm32f1xx_it.o(i.HardFault_Handler)
    i.MX_GPIO_Init                           0x08001dcc   Section        0  gpio.o(i.MX_GPIO_Init)
    i.MX_USART1_UART_Init                    0x08001e48   Section        0  usart.o(i.MX_USART1_UART_Init)
    i.MemManage_Handler                      0x08001e80   Section        0  stm32f1xx_it.o(i.MemManage_Handler)
    i.NMI_Handler                            0x08001e82   Section        0  stm32f1xx_it.o(i.NMI_Handler)
    i.PendSV_Handler                         0x08001e84   Section        0  stm32f1xx_it.o(i.PendSV_Handler)
    i.SVC_Handler                            0x08001e86   Section        0  stm32f1xx_it.o(i.SVC_Handler)
    i.SysTick_Handler                        0x08001e88   Section        0  stm32f1xx_it.o(i.SysTick_Handler)
    i.SystemClock_Config                     0x08001e8c   Section        0  main.o(i.SystemClock_Config)
    i.SystemInit                             0x08001eda   Section        0  system_stm32f1xx.o(i.SystemInit)
    i.UART_DMAAbortOnError                   0x08001edc   Section        0  stm32f1xx_hal_uart.o(i.UART_DMAAbortOnError)
    UART_DMAAbortOnError                     0x08001edd   Thumb Code    16  stm32f1xx_hal_uart.o(i.UART_DMAAbortOnError)
    i.UART_EndRxTransfer                     0x08001eec   Section        0  stm32f1xx_hal_uart.o(i.UART_EndRxTransfer)
    UART_EndRxTransfer                       0x08001eed   Thumb Code    28  stm32f1xx_hal_uart.o(i.UART_EndRxTransfer)
    i.UART_Receive_IT                        0x08001f08   Section        0  stm32f1xx_hal_uart.o(i.UART_Receive_IT)
    UART_Receive_IT                          0x08001f09   Thumb Code   140  stm32f1xx_hal_uart.o(i.UART_Receive_IT)
    i.UART_SetConfig                         0x08001f94   Section        0  stm32f1xx_hal_uart.o(i.UART_SetConfig)
    UART_SetConfig                           0x08001f95   Thumb Code   178  stm32f1xx_hal_uart.o(i.UART_SetConfig)
    i.UART_WaitOnFlagUntilTimeout            0x0800204c   Section        0  stm32f1xx_hal_uart.o(i.UART_WaitOnFlagUntilTimeout)
    UART_WaitOnFlagUntilTimeout              0x0800204d   Thumb Code   100  stm32f1xx_hal_uart.o(i.UART_WaitOnFlagUntilTimeout)
    i.USART1_IRQHandler                      0x080020b0   Section        0  stm32f1xx_it.o(i.USART1_IRQHandler)
    i.UsageFault_Handler                     0x080020bc   Section        0  stm32f1xx_it.o(i.UsageFault_Handler)
    i.__0printf                              0x080020c0   Section        0  printfa.o(i.__0printf)
    i.__0sprintf                             0x080020e0   Section        0  printfa.o(i.__0sprintf)
    i.__NVIC_SetPriority                     0x08002108   Section        0  stm32f1xx_hal_cortex.o(i.__NVIC_SetPriority)
    __NVIC_SetPriority                       0x08002109   Thumb Code    32  stm32f1xx_hal_cortex.o(i.__NVIC_SetPriority)
    i.__free$realloc                         0x08002128   Section        0  mallocr.o(i.__free$realloc)
    i.__malloc$realloc                       0x08002184   Section        0  mallocr.o(i.__malloc$realloc)
    i.__scatterload_copy                     0x080021d4   Section       14  handlers.o(i.__scatterload_copy)
    i.__scatterload_null                     0x080021e2   Section        2  handlers.o(i.__scatterload_null)
    i.__scatterload_zeroinit                 0x080021e4   Section       14  handlers.o(i.__scatterload_zeroinit)
    i._fp_digits                             0x080021f4   Section        0  printfa.o(i._fp_digits)
    _fp_digits                               0x080021f5   Thumb Code   334  printfa.o(i._fp_digits)
    i._is_digit                              0x08002358   Section        0  scanf_fp.o(i._is_digit)
    i._printf_core                           0x08002368   Section        0  printfa.o(i._printf_core)
    _printf_core                             0x08002369   Thumb Code  1744  printfa.o(i._printf_core)
    i._printf_post_padding                   0x08002a44   Section        0  printfa.o(i._printf_post_padding)
    _printf_post_padding                     0x08002a45   Thumb Code    36  printfa.o(i._printf_post_padding)
    i._printf_pre_padding                    0x08002a68   Section        0  printfa.o(i._printf_pre_padding)
    _printf_pre_padding                      0x08002a69   Thumb Code    46  printfa.o(i._printf_pre_padding)
    i._sputc                                 0x08002a96   Section        0  printfa.o(i._sputc)
    _sputc                                   0x08002a97   Thumb Code    10  printfa.o(i._sputc)
    i.add_item_to_array                      0x08002aa0   Section        0  cjson.o(i.add_item_to_array)
    add_item_to_array                        0x08002aa1   Thumb Code    42  cjson.o(i.add_item_to_array)
    i.add_item_to_object                     0x08002aca   Section        0  cjson.o(i.add_item_to_object)
    add_item_to_object                       0x08002acb   Thumb Code    90  cjson.o(i.add_item_to_object)
    i.cJSON_AddNumberToObject                0x08002b24   Section        0  cjson.o(i.cJSON_AddNumberToObject)
    i.cJSON_CreateNumber                     0x08002b58   Section        0  cjson.o(i.cJSON_CreateNumber)
    i.cJSON_CreateObject                     0x08002bb8   Section        0  cjson.o(i.cJSON_CreateObject)
    i.cJSON_Delete                           0x08002bd0   Section        0  cjson.o(i.cJSON_Delete)
    i.cJSON_New_Item                         0x08002c18   Section        0  cjson.o(i.cJSON_New_Item)
    cJSON_New_Item                           0x08002c19   Thumb Code    22  cjson.o(i.cJSON_New_Item)
    i.cJSON_Print                            0x08002c30   Section        0  cjson.o(i.cJSON_Print)
    i.cJSON_free                             0x08002c3c   Section        0  cjson.o(i.cJSON_free)
    i.cJSON_strdup                           0x08002c48   Section        0  cjson.o(i.cJSON_strdup)
    cJSON_strdup                             0x08002c49   Thumb Code    40  cjson.o(i.cJSON_strdup)
    i.compare_double                         0x08002c70   Section        0  cjson.o(i.compare_double)
    compare_double                           0x08002c71   Thumb Code    88  cjson.o(i.compare_double)
    i.delay_us                               0x08002cc8   Section        0  delay.o(i.delay_us)
    i.dht_mode                               0x08002d18   Section        0  dht.o(i.dht_mode)
    i.ensure                                 0x08002d3c   Section        0  cjson.o(i.ensure)
    ensure                                   0x08002d3d   Thumb Code   138  cjson.o(i.ensure)
    i.fputc                                  0x08002dc8   Section        0  usart.o(i.fputc)
    i.internal_alloc                         0x08002de0   Section        0  mallocr.o(i.internal_alloc)
    internal_alloc                           0x08002de1   Thumb Code    76  mallocr.o(i.internal_alloc)
    i.main                                   0x08002e30   Section        0  main.o(i.main)
    i.nbiot_init                             0x08002eec   Section        0  nbiot.o(i.nbiot_init)
    i.print                                  0x08002f94   Section        0  cjson.o(i.print)
    print                                    0x08002f95   Thumb Code   152  cjson.o(i.print)
    i.print_array                            0x0800302c   Section        0  cjson.o(i.print_array)
    print_array                              0x0800302d   Thumb Code   150  cjson.o(i.print_array)
    i.print_number                           0x080030c4   Section        0  cjson.o(i.print_number)
    print_number                             0x080030c5   Thumb Code   208  cjson.o(i.print_number)
    i.print_object                           0x080031b4   Section        0  cjson.o(i.print_object)
    print_object                             0x080031b5   Thumb Code   320  cjson.o(i.print_object)
    i.print_string_ptr                       0x080032f4   Section        0  cjson.o(i.print_string_ptr)
    print_string_ptr                         0x080032f5   Thumb Code   258  cjson.o(i.print_string_ptr)
    i.print_value                            0x08003404   Section        0  cjson.o(i.print_value)
    print_value                              0x08003405   Thumb Code   182  cjson.o(i.print_value)
    i.realloc                                0x080034d4   Section        0  mallocr.o(i.realloc)
    i.string_number                          0x08003540   Section        0  message.o(i.string_number)
    i.string_to_hex                          0x08003550   Section        0  message.o(i.string_to_hex)
    i.update_offset                          0x080036b8   Section        0  cjson.o(i.update_offset)
    update_offset                            0x080036b9   Thumb Code    28  cjson.o(i.update_offset)
    .constdata                               0x080036d4   Section       16  system_stm32f1xx.o(.constdata)
    .constdata                               0x080036e4   Section        8  system_stm32f1xx.o(.constdata)
    .constdata                               0x080036ec   Section       64  ctype_c.o(.constdata)
    .data                                    0x20000000   Section        1  usart.o(.data)
    .data                                    0x20000004   Section       20  cjson.o(.data)
    global_error                             0x20000004   Data           8  cjson.o(.data)
    global_hooks                             0x2000000c   Data          12  cjson.o(.data)
    .data                                    0x20000018   Section       12  stm32f1xx_hal.o(.data)
    .data                                    0x20000024   Section        4  system_stm32f1xx.o(.data)
    .data                                    0x20000028   Section        4  stdout.o(.data)
    .data                                    0x2000002c   Section        4  mvars.o(.data)
    .data                                    0x20000030   Section        4  mvars.o(.data)
    .bss                                     0x20000034   Section       60  main.o(.bss)
    .bss                                     0x20000070   Section       60  main.o(.bss)
    .bss                                     0x200000ac   Section       16  gpio.o(.bss)
    .bss                                     0x200000bc   Section       64  usart.o(.bss)
    HEAP                                     0x20000100   Section     3072  startup_stm32f103xb.o(HEAP)
    STACK                                    0x20000d00   Section     1024  startup_stm32f103xb.o(STACK)

    Global Symbols

    Symbol Name                              Value     Ov Type        Size  Object(Section)

    BuildAttributes$$THM_ISAv4$P$D$K$B$S$PE$A:L22UL41UL21$X:L11$S22US41US21$IEEE1$IW$USESV6$~STKCKD$USESV7$~SHL$OTIME$ROPI$IEEEJ$EBA8$MICROLIB$REQ8$PRES8$EABIv2 0x00000000   Number         0  anon$$obj.o ABSOLUTE
    __ARM_use_no_argv                        0x00000000   Number         0  main.o ABSOLUTE
    _printf_a                                0x00000000   Number         0  stubs.o ABSOLUTE
    _printf_c                                0x00000000   Number         0  stubs.o ABSOLUTE
    _printf_charcount                        0x00000000   Number         0  stubs.o ABSOLUTE
    _printf_d                                0x00000000   Number         0  stubs.o ABSOLUTE
    _printf_e                                0x00000000   Number         0  stubs.o ABSOLUTE
    _printf_f                                0x00000000   Number         0  stubs.o ABSOLUTE
    _printf_flags                            0x00000000   Number         0  stubs.o ABSOLUTE
    _printf_fp_dec                           0x00000000   Number         0  stubs.o ABSOLUTE
    _printf_fp_hex                           0x00000000   Number         0  stubs.o ABSOLUTE
    _printf_g                                0x00000000   Number         0  stubs.o ABSOLUTE
    _printf_i                                0x00000000   Number         0  stubs.o ABSOLUTE
    _printf_int_dec                          0x00000000   Number         0  stubs.o ABSOLUTE
    _printf_l                                0x00000000   Number         0  stubs.o ABSOLUTE
    _printf_lc                               0x00000000   Number         0  stubs.o ABSOLUTE
    _printf_ll                               0x00000000   Number         0  stubs.o ABSOLUTE
    _printf_lld                              0x00000000   Number         0  stubs.o ABSOLUTE
    _printf_lli                              0x00000000   Number         0  stubs.o ABSOLUTE
    _printf_llo                              0x00000000   Number         0  stubs.o ABSOLUTE
    _printf_llu                              0x00000000   Number         0  stubs.o ABSOLUTE
    _printf_llx                              0x00000000   Number         0  stubs.o ABSOLUTE
    _printf_longlong_dec                     0x00000000   Number         0  stubs.o ABSOLUTE
    _printf_longlong_hex                     0x00000000   Number         0  stubs.o ABSOLUTE
    _printf_longlong_oct                     0x00000000   Number         0  stubs.o ABSOLUTE
    _printf_ls                               0x00000000   Number         0  stubs.o ABSOLUTE
    _printf_mbtowc                           0x00000000   Number         0  stubs.o ABSOLUTE
    _printf_n                                0x00000000   Number         0  stubs.o ABSOLUTE
    _printf_o                                0x00000000   Number         0  stubs.o ABSOLUTE
    _printf_p                                0x00000000   Number         0  stubs.o ABSOLUTE
    _printf_percent                          0x00000000   Number         0  stubs.o ABSOLUTE
    _printf_pre_padding                      0x00000000   Number         0  stubs.o ABSOLUTE
    _printf_return_value                     0x00000000   Number         0  stubs.o ABSOLUTE
    _printf_s                                0x00000000   Number         0  stubs.o ABSOLUTE
    _printf_sizespec                         0x00000000   Number         0  stubs.o ABSOLUTE
    _printf_str                              0x00000000   Number         0  stubs.o ABSOLUTE
    _printf_truncate_signed                  0x00000000   Number         0  stubs.o ABSOLUTE
    _printf_truncate_unsigned                0x00000000   Number         0  stubs.o ABSOLUTE
    _printf_u                                0x00000000   Number         0  stubs.o ABSOLUTE
    _printf_wc                               0x00000000   Number         0  stubs.o ABSOLUTE
    _printf_wctomb                           0x00000000   Number         0  stubs.o ABSOLUTE
    _printf_widthprec                        0x00000000   Number         0  stubs.o ABSOLUTE
    _printf_x                                0x00000000   Number         0  stubs.o ABSOLUTE
    __cpp_initialize__aeabi_                  - Undefined Weak Reference
    __cxa_finalize                            - Undefined Weak Reference
    __decompress                              - Undefined Weak Reference
    _clock_init                               - Undefined Weak Reference
    _microlib_exit                            - Undefined Weak Reference
    _scanf_int                                - Undefined Weak Reference
    _scanf_longlong                           - Undefined Weak Reference
    _scanf_string                             - Undefined Weak Reference
    __Vectors_Size                           0x000000ec   Number         0  startup_stm32f103xb.o ABSOLUTE
    __Vectors                                0x08000000   Data           4  startup_stm32f103xb.o(RESET)
    __Vectors_End                            0x080000ec   Data           0  startup_stm32f103xb.o(RESET)
    __main                                   0x080000ed   Thumb Code     0  entry.o(.ARM.Collect$$$$00000000)
    _main_stk                                0x080000ed   Thumb Code     0  entry2.o(.ARM.Collect$$$$00000001)
    _main_scatterload                        0x080000f1   Thumb Code     0  entry5.o(.ARM.Collect$$$$00000004)
    __main_after_scatterload                 0x080000f5   Thumb Code     0  entry5.o(.ARM.Collect$$$$00000004)
    _main_clock                              0x080000f5   Thumb Code     0  entry7b.o(.ARM.Collect$$$$00000008)
    _main_cpp_init                           0x080000f5   Thumb Code     0  entry8b.o(.ARM.Collect$$$$0000000A)
    _main_init                               0x080000f5   Thumb Code     0  entry9a.o(.ARM.Collect$$$$0000000B)
    __rt_final_cpp                           0x080000fd   Thumb Code     0  entry10a.o(.ARM.Collect$$$$0000000D)
    __rt_final_exit                          0x080000fd   Thumb Code     0  entry11a.o(.ARM.Collect$$$$0000000F)
    Reset_Handler                            0x08000101   Thumb Code     8  startup_stm32f103xb.o(.text)
    ADC1_2_IRQHandler                        0x0800011b   Thumb Code     0  startup_stm32f103xb.o(.text)
    CAN1_RX1_IRQHandler                      0x0800011b   Thumb Code     0  startup_stm32f103xb.o(.text)
    CAN1_SCE_IRQHandler                      0x0800011b   Thumb Code     0  startup_stm32f103xb.o(.text)
    DMA1_Channel1_IRQHandler                 0x0800011b   Thumb Code     0  startup_stm32f103xb.o(.text)
    DMA1_Channel2_IRQHandler                 0x0800011b   Thumb Code     0  startup_stm32f103xb.o(.text)
    DMA1_Channel3_IRQHandler                 0x0800011b   Thumb Code     0  startup_stm32f103xb.o(.text)
    DMA1_Channel4_IRQHandler                 0x0800011b   Thumb Code     0  startup_stm32f103xb.o(.text)
    DMA1_Channel5_IRQHandler                 0x0800011b   Thumb Code     0  startup_stm32f103xb.o(.text)
    DMA1_Channel6_IRQHandler                 0x0800011b   Thumb Code     0  startup_stm32f103xb.o(.text)
    DMA1_Channel7_IRQHandler                 0x0800011b   Thumb Code     0  startup_stm32f103xb.o(.text)
    EXTI0_IRQHandler                         0x0800011b   Thumb Code     0  startup_stm32f103xb.o(.text)
    EXTI15_10_IRQHandler                     0x0800011b   Thumb Code     0  startup_stm32f103xb.o(.text)
    EXTI1_IRQHandler                         0x0800011b   Thumb Code     0  startup_stm32f103xb.o(.text)
    EXTI2_IRQHandler                         0x0800011b   Thumb Code     0  startup_stm32f103xb.o(.text)
    EXTI3_IRQHandler                         0x0800011b   Thumb Code     0  startup_stm32f103xb.o(.text)
    EXTI4_IRQHandler                         0x0800011b   Thumb Code     0  startup_stm32f103xb.o(.text)
    EXTI9_5_IRQHandler                       0x0800011b   Thumb Code     0  startup_stm32f103xb.o(.text)
    FLASH_IRQHandler                         0x0800011b   Thumb Code     0  startup_stm32f103xb.o(.text)
    I2C1_ER_IRQHandler                       0x0800011b   Thumb Code     0  startup_stm32f103xb.o(.text)
    I2C1_EV_IRQHandler                       0x0800011b   Thumb Code     0  startup_stm32f103xb.o(.text)
    I2C2_ER_IRQHandler                       0x0800011b   Thumb Code     0  startup_stm32f103xb.o(.text)
    I2C2_EV_IRQHandler                       0x0800011b   Thumb Code     0  startup_stm32f103xb.o(.text)
    PVD_IRQHandler                           0x0800011b   Thumb Code     0  startup_stm32f103xb.o(.text)
    RCC_IRQHandler                           0x0800011b   Thumb Code     0  startup_stm32f103xb.o(.text)
    RTC_Alarm_IRQHandler                     0x0800011b   Thumb Code     0  startup_stm32f103xb.o(.text)
    RTC_IRQHandler                           0x0800011b   Thumb Code     0  startup_stm32f103xb.o(.text)
    SPI1_IRQHandler                          0x0800011b   Thumb Code     0  startup_stm32f103xb.o(.text)
    SPI2_IRQHandler                          0x0800011b   Thumb Code     0  startup_stm32f103xb.o(.text)
    TAMPER_IRQHandler                        0x0800011b   Thumb Code     0  startup_stm32f103xb.o(.text)
    TIM1_BRK_IRQHandler                      0x0800011b   Thumb Code     0  startup_stm32f103xb.o(.text)
    TIM1_CC_IRQHandler                       0x0800011b   Thumb Code     0  startup_stm32f103xb.o(.text)
    TIM1_TRG_COM_IRQHandler                  0x0800011b   Thumb Code     0  startup_stm32f103xb.o(.text)
    TIM1_UP_IRQHandler                       0x0800011b   Thumb Code     0  startup_stm32f103xb.o(.text)
    TIM2_IRQHandler                          0x0800011b   Thumb Code     0  startup_stm32f103xb.o(.text)
    TIM3_IRQHandler                          0x0800011b   Thumb Code     0  startup_stm32f103xb.o(.text)
    TIM4_IRQHandler                          0x0800011b   Thumb Code     0  startup_stm32f103xb.o(.text)
    USART2_IRQHandler                        0x0800011b   Thumb Code     0  startup_stm32f103xb.o(.text)
    USART3_IRQHandler                        0x0800011b   Thumb Code     0  startup_stm32f103xb.o(.text)
    USBWakeUp_IRQHandler                     0x0800011b   Thumb Code     0  startup_stm32f103xb.o(.text)
    USB_HP_CAN1_TX_IRQHandler                0x0800011b   Thumb Code     0  startup_stm32f103xb.o(.text)
    USB_LP_CAN1_RX0_IRQHandler               0x0800011b   Thumb Code     0  startup_stm32f103xb.o(.text)
    WWDG_IRQHandler                          0x0800011b   Thumb Code     0  startup_stm32f103xb.o(.text)
    __aeabi_llsr                             0x08000125   Thumb Code    32  llushr.o(.text)
    _ll_ushift_r                             0x08000125   Thumb Code     0  llushr.o(.text)
    __aeabi_memcpy                           0x08000145   Thumb Code    36  memcpya.o(.text)
    __aeabi_memcpy4                          0x08000145   Thumb Code     0  memcpya.o(.text)
    __aeabi_memcpy8                          0x08000145   Thumb Code     0  memcpya.o(.text)
    __aeabi_memset                           0x08000169   Thumb Code    14  memseta.o(.text)
    __aeabi_memset4                          0x08000169   Thumb Code     0  memseta.o(.text)
    __aeabi_memset8                          0x08000169   Thumb Code     0  memseta.o(.text)
    __aeabi_memclr                           0x08000177   Thumb Code     4  memseta.o(.text)
    __aeabi_memclr4                          0x08000177   Thumb Code     0  memseta.o(.text)
    __aeabi_memclr8                          0x08000177   Thumb Code     0  memseta.o(.text)
    _memset$wrapper                          0x0800017b   Thumb Code    18  memseta.o(.text)
    strlen                                   0x0800018d   Thumb Code    14  strlen.o(.text)
    strcpy                                   0x0800019b   Thumb Code    18  strcpy.o(.text)
    __0sscanf                                0x080001ad   Thumb Code    48  __0sscanf.o(.text)
    _scanf_real                              0x080002e5   Thumb Code     0  scanf_fp.o(.text)
    _scanf_really_real                       0x080002e5   Thumb Code   556  scanf_fp.o(.text)
    __aeabi_dadd                             0x0800051d   Thumb Code   322  dadd.o(.text)
    __aeabi_dsub                             0x0800065f   Thumb Code     6  dadd.o(.text)
    __aeabi_drsub                            0x08000665   Thumb Code     6  dadd.o(.text)
    __aeabi_ddiv                             0x0800066b   Thumb Code   222  ddiv.o(.text)
    __ARM_scalbn                             0x08000749   Thumb Code    46  dscalb.o(.text)
    scalbn                                   0x08000749   Thumb Code     0  dscalb.o(.text)
    __aeabi_ui2d                             0x08000777   Thumb Code    26  dfltui.o(.text)
    __aeabi_d2iz                             0x08000791   Thumb Code    62  dfixi.o(.text)
    __aeabi_cdcmpeq                          0x080007d1   Thumb Code     0  cdcmple.o(.text)
    __aeabi_cdcmple                          0x080007d1   Thumb Code    48  cdcmple.o(.text)
    __aeabi_cdrcmple                         0x08000801   Thumb Code    48  cdrcmple.o(.text)
    __aeabi_d2f                              0x08000831   Thumb Code    56  d2f.o(.text)
    __aeabi_uidiv                            0x08000869   Thumb Code     0  uidiv.o(.text)
    __aeabi_uidivmod                         0x08000869   Thumb Code    44  uidiv.o(.text)
    __aeabi_uldivmod                         0x08000895   Thumb Code    98  uldiv.o(.text)
    __aeabi_llsl                             0x080008f7   Thumb Code    30  llshl.o(.text)
    _ll_shift_l                              0x080008f7   Thumb Code     0  llshl.o(.text)
    __aeabi_lasr                             0x08000915   Thumb Code    36  llsshr.o(.text)
    _ll_sshift_r                             0x08000915   Thumb Code     0  llsshr.o(.text)
    __vfscanf_char                           0x08000945   Thumb Code    20  scanf_char.o(.text)
    _sgetc                                   0x08000961   Thumb Code    30  _sgetc.o(.text)
    _sbackspace                              0x0800097f   Thumb Code    34  _sgetc.o(.text)
    __I$use$fp                               0x080009a1   Thumb Code     0  iusefp.o(.text)
    _float_round                             0x080009a1   Thumb Code    18  fepilogue.o(.text)
    _float_epilogue                          0x080009b3   Thumb Code    92  fepilogue.o(.text)
    _double_round                            0x08000a0f   Thumb Code    30  depilogue.o(.text)
    _double_epilogue                         0x08000a2d   Thumb Code   156  depilogue.o(.text)
    __aeabi_dmul                             0x08000ac9   Thumb Code   228  dmul.o(.text)
    __aeabi_ul2d                             0x08000bad   Thumb Code    24  dfltul.o(.text)
    __aeabi_d2ulz                            0x08000bc5   Thumb Code    48  dfixul.o(.text)
    __scatterload                            0x08000bf5   Thumb Code    28  init.o(.text)
    __scatterload_rt2                        0x08000bf5   Thumb Code     0  init.o(.text)
    isspace                                  0x08000c19   Thumb Code    10  isspace_c.o(.text)
    __vfscanf                                0x08000c25   Thumb Code   808  _scanf.o(.text)
    __ctype_lookup                           0x08000f51   Thumb Code    34  ctype_c.o(.text)
    BusFault_Handler                         0x08000f79   Thumb Code     2  stm32f1xx_it.o(i.BusFault_Handler)
    DHT11_Check                              0x08000f7d   Thumb Code    78  dht.o(i.DHT11_Check)
    DHT11_Init                               0x08000fd1   Thumb Code    30  dht.o(i.DHT11_Init)
    DHT11_Read_Bit                           0x08001011   Thumb Code    70  dht.o(i.DHT11_Read_Bit)
    DHT11_Read_Byte                          0x0800105d   Thumb Code    26  dht.o(i.DHT11_Read_Byte)
    DHT11_Read_Data                          0x08001077   Thumb Code    80  dht.o(i.DHT11_Read_Data)
    DHT11_Rst                                0x080010c9   Thumb Code    40  dht.o(i.DHT11_Rst)
    DebugMon_Handler                         0x080010f5   Thumb Code     2  stm32f1xx_it.o(i.DebugMon_Handler)
    Error_Handler                            0x080010f7   Thumb Code     2  main.o(i.Error_Handler)
    HAL_DMA_Abort_IT                         0x080010f9   Thumb Code   148  stm32f1xx_hal_dma.o(i.HAL_DMA_Abort_IT)
    HAL_Delay                                0x08001191   Thumb Code    32  stm32f1xx_hal.o(i.HAL_Delay)
    HAL_GPIO_Init                            0x080011b5   Thumb Code   446  stm32f1xx_hal_gpio.o(i.HAL_GPIO_Init)
    HAL_GPIO_WritePin                        0x08001395   Thumb Code    10  stm32f1xx_hal_gpio.o(i.HAL_GPIO_WritePin)
    HAL_GetTick                              0x080013a1   Thumb Code     6  stm32f1xx_hal.o(i.HAL_GetTick)
    HAL_IncTick                              0x080013ad   Thumb Code    12  stm32f1xx_hal.o(i.HAL_IncTick)
    HAL_Init                                 0x080013bd   Thumb Code    32  stm32f1xx_hal.o(i.HAL_Init)
    HAL_InitTick                             0x080013e1   Thumb Code    54  stm32f1xx_hal.o(i.HAL_InitTick)
    HAL_MspInit                              0x08001421   Thumb Code    58  stm32f1xx_hal_msp.o(i.HAL_MspInit)
    HAL_NVIC_EnableIRQ                       0x08001465   Thumb Code    26  stm32f1xx_hal_cortex.o(i.HAL_NVIC_EnableIRQ)
    HAL_NVIC_SetPriority                     0x08001481   Thumb Code    60  stm32f1xx_hal_cortex.o(i.HAL_NVIC_SetPriority)
    HAL_NVIC_SetPriorityGrouping             0x080014c1   Thumb Code    26  stm32f1xx_hal_cortex.o(i.HAL_NVIC_SetPriorityGrouping)
    HAL_RCC_ClockConfig                      0x080014e5   Thumb Code   280  stm32f1xx_hal_rcc.o(i.HAL_RCC_ClockConfig)
    HAL_RCC_GetPCLK1Freq                     0x08001611   Thumb Code    20  stm32f1xx_hal_rcc.o(i.HAL_RCC_GetPCLK1Freq)
    HAL_RCC_GetPCLK2Freq                     0x08001631   Thumb Code    20  stm32f1xx_hal_rcc.o(i.HAL_RCC_GetPCLK2Freq)
    HAL_RCC_GetSysClockFreq                  0x08001651   Thumb Code    74  stm32f1xx_hal_rcc.o(i.HAL_RCC_GetSysClockFreq)
    HAL_RCC_OscConfig                        0x080016bd   Thumb Code   778  stm32f1xx_hal_rcc.o(i.HAL_RCC_OscConfig)
    HAL_SYSTICK_Config                       0x080019dd   Thumb Code    40  stm32f1xx_hal_cortex.o(i.HAL_SYSTICK_Config)
    HAL_UART_ErrorCallback                   0x08001a05   Thumb Code     2  stm32f1xx_hal_uart.o(i.HAL_UART_ErrorCallback)
    HAL_UART_IRQHandler                      0x08001a09   Thumb Code   344  stm32f1xx_hal_uart.o(i.HAL_UART_IRQHandler)
    HAL_UART_Init                            0x08001b65   Thumb Code    98  stm32f1xx_hal_uart.o(i.HAL_UART_Init)
    HAL_UART_MspInit                         0x08001bc9   Thumb Code   116  usart.o(i.HAL_UART_MspInit)
    HAL_UART_Receive_IT                      0x08001c49   Thumb Code    82  stm32f1xx_hal_uart.o(i.HAL_UART_Receive_IT)
    HAL_UART_RxCpltCallback                  0x08001c9d   Thumb Code    38  usart.o(i.HAL_UART_RxCpltCallback)
    HAL_UART_Transmit                        0x08001ccd   Thumb Code   178  stm32f1xx_hal_uart.o(i.HAL_UART_Transmit)
    HAL_UART_Transmit_IT                     0x08001d7f   Thumb Code    62  stm32f1xx_hal_uart.o(i.HAL_UART_Transmit_IT)
    HAL_UART_TxCpltCallback                  0x08001dbd   Thumb Code     8  usart.o(i.HAL_UART_TxCpltCallback)
    HardFault_Handler                        0x08001dc9   Thumb Code     2  stm32f1xx_it.o(i.HardFault_Handler)
    MX_GPIO_Init                             0x08001dcd   Thumb Code   110  gpio.o(i.MX_GPIO_Init)
    MX_USART1_UART_Init                      0x08001e49   Thumb Code    48  usart.o(i.MX_USART1_UART_Init)
    MemManage_Handler                        0x08001e81   Thumb Code     2  stm32f1xx_it.o(i.MemManage_Handler)
    NMI_Handler                              0x08001e83   Thumb Code     2  stm32f1xx_it.o(i.NMI_Handler)
    PendSV_Handler                           0x08001e85   Thumb Code     2  stm32f1xx_it.o(i.PendSV_Handler)
    SVC_Handler                              0x08001e87   Thumb Code     2  stm32f1xx_it.o(i.SVC_Handler)
    SysTick_Handler                          0x08001e89   Thumb Code     4  stm32f1xx_it.o(i.SysTick_Handler)
    SystemClock_Config                       0x08001e8d   Thumb Code    78  main.o(i.SystemClock_Config)
    SystemInit                               0x08001edb   Thumb Code     2  system_stm32f1xx.o(i.SystemInit)
    USART1_IRQHandler                        0x080020b1   Thumb Code     6  stm32f1xx_it.o(i.USART1_IRQHandler)
    UsageFault_Handler                       0x080020bd   Thumb Code     2  stm32f1xx_it.o(i.UsageFault_Handler)
    __0printf                                0x080020c1   Thumb Code    22  printfa.o(i.__0printf)
    __1printf                                0x080020c1   Thumb Code     0  printfa.o(i.__0printf)
    __2printf                                0x080020c1   Thumb Code     0  printfa.o(i.__0printf)
    __c89printf                              0x080020c1   Thumb Code     0  printfa.o(i.__0printf)
    printf                                   0x080020c1   Thumb Code     0  printfa.o(i.__0printf)
    __0sprintf                               0x080020e1   Thumb Code    34  printfa.o(i.__0sprintf)
    __1sprintf                               0x080020e1   Thumb Code     0  printfa.o(i.__0sprintf)
    __2sprintf                               0x080020e1   Thumb Code     0  printfa.o(i.__0sprintf)
    __c89sprintf                             0x080020e1   Thumb Code     0  printfa.o(i.__0sprintf)
    sprintf                                  0x080020e1   Thumb Code     0  printfa.o(i.__0sprintf)
    free                                     0x08002129   Thumb Code    88  mallocr.o(i.__free$realloc)
    malloc                                   0x08002185   Thumb Code    64  mallocr.o(i.__malloc$realloc)
    __scatterload_copy                       0x080021d5   Thumb Code    14  handlers.o(i.__scatterload_copy)
    __scatterload_null                       0x080021e3   Thumb Code     2  handlers.o(i.__scatterload_null)
    __scatterload_zeroinit                   0x080021e5   Thumb Code    14  handlers.o(i.__scatterload_zeroinit)
    _is_digit                                0x08002359   Thumb Code    14  scanf_fp.o(i._is_digit)
    cJSON_AddNumberToObject                  0x08002b25   Thumb Code    46  cjson.o(i.cJSON_AddNumberToObject)
    cJSON_CreateNumber                       0x08002b59   Thumb Code    78  cjson.o(i.cJSON_CreateNumber)
    cJSON_CreateObject                       0x08002bb9   Thumb Code    18  cjson.o(i.cJSON_CreateObject)
    cJSON_Delete                             0x08002bd1   Thumb Code    66  cjson.o(i.cJSON_Delete)
    cJSON_Print                              0x08002c31   Thumb Code     8  cjson.o(i.cJSON_Print)
    cJSON_free                               0x08002c3d   Thumb Code     6  cjson.o(i.cJSON_free)
    delay_us                                 0x08002cc9   Thumb Code    74  delay.o(i.delay_us)
    dht_mode                                 0x08002d19   Thumb Code    28  dht.o(i.dht_mode)
    fputc                                    0x08002dc9   Thumb Code    20  usart.o(i.fputc)
    main                                     0x08002e31   Thumb Code   144  main.o(i.main)
    nbiot_init                               0x08002eed   Thumb Code    68  nbiot.o(i.nbiot_init)
    realloc                                  0x080034d5   Thumb Code   102  mallocr.o(i.realloc)
    string_number                            0x08003541   Thumb Code    16  message.o(i.string_number)
    string_to_hex                            0x08003551   Thumb Code   354  message.o(i.string_to_hex)
    AHBPrescTable                            0x080036d4   Data          16  system_stm32f1xx.o(.constdata)
    APBPrescTable                            0x080036e4   Data           8  system_stm32f1xx.o(.constdata)
    __ctype_categories                       0x080036ec   Data          64  ctype_c.o(.constdata)
    Region$$Table$$Base                      0x0800372c   Number         0  anon$$obj.o(Region$$Table)
    Region$$Table$$Limit                     0x0800374c   Number         0  anon$$obj.o(Region$$Table)
    USART1Ready                              0x20000000   Data           1  usart.o(.data)
    uwTickFreq                               0x20000018   Data           1  stm32f1xx_hal.o(.data)
    uwTickPrio                               0x2000001c   Data           4  stm32f1xx_hal.o(.data)
    uwTick                                   0x20000020   Data           4  stm32f1xx_hal.o(.data)
    SystemCoreClock                          0x20000024   Data           4  system_stm32f1xx.o(.data)
    __stdout                                 0x20000028   Data           4  stdout.o(.data)
    __microlib_freelist                      0x2000002c   Data           4  mvars.o(.data)
    __microlib_freelist_initialised          0x20000030   Data           4  mvars.o(.data)
    buf                                      0x20000034   Data          60  main.o(.bss)
    message                                  0x20000070   Data          60  main.o(.bss)
    GPIO_InitStruct                          0x200000ac   Data          16  gpio.o(.bss)
    huart1                                   0x200000bc   Data          64  usart.o(.bss)
    __heap_base                              0x20000100   Data           0  startup_stm32f103xb.o(HEAP)
    __heap_limit                             0x20000d00   Data           0  startup_stm32f103xb.o(HEAP)
    __initial_sp                             0x20001100   Data           0  startup_stm32f103xb.o(STACK)



==============================================================================

Memory Map of the image

  Image Entry point : 0x080000ed

  Load Region LR_IROM1 (Base: 0x08000000, Size: 0x00003780, Max: 0x00010000, ABSOLUTE)

    Execution Region ER_IROM1 (Base: 0x08000000, Size: 0x0000374c, Max: 0x00010000, ABSOLUTE)

    Base Addr    Size         Type   Attr      Idx    E Section Name        Object

    0x08000000   0x000000ec   Data   RO            3    RESET               startup_stm32f103xb.o
    0x080000ec   0x00000000   Code   RO         2564  * .ARM.Collect$$$$00000000  mc_w.l(entry.o)
    0x080000ec   0x00000004   Code   RO         2903    .ARM.Collect$$$$00000001  mc_w.l(entry2.o)
    0x080000f0   0x00000004   Code   RO         2906    .ARM.Collect$$$$00000004  mc_w.l(entry5.o)
    0x080000f4   0x00000000   Code   RO         2908    .ARM.Collect$$$$00000008  mc_w.l(entry7b.o)
    0x080000f4   0x00000000   Code   RO         2910    .ARM.Collect$$$$0000000A  mc_w.l(entry8b.o)
    0x080000f4   0x00000008   Code   RO         2911    .ARM.Collect$$$$0000000B  mc_w.l(entry9a.o)
    0x080000fc   0x00000000   Code   RO         2913    .ARM.Collect$$$$0000000D  mc_w.l(entry10a.o)
    0x080000fc   0x00000000   Code   RO         2915    .ARM.Collect$$$$0000000F  mc_w.l(entry11a.o)
    0x080000fc   0x00000004   Code   RO         2904    .ARM.Collect$$$$00002712  mc_w.l(entry2.o)
    0x08000100   0x00000024   Code   RO            4    .text               startup_stm32f103xb.o
    0x08000124   0x00000020   Code   RO         2570    .text               mc_w.l(llushr.o)
    0x08000144   0x00000024   Code   RO         2574    .text               mc_w.l(memcpya.o)
    0x08000168   0x00000024   Code   RO         2576    .text               mc_w.l(memseta.o)
    0x0800018c   0x0000000e   Code   RO         2578    .text               mc_w.l(strlen.o)
    0x0800019a   0x00000012   Code   RO         2582    .text               mc_w.l(strcpy.o)
    0x080001ac   0x00000038   Code   RO         2877    .text               mc_w.l(__0sscanf.o)
    0x080001e4   0x00000338   Code   RO         2879    .text               mc_w.l(scanf_fp.o)
    0x0800051c   0x0000014e   Code   RO         2883    .text               mf_w.l(dadd.o)
    0x0800066a   0x000000de   Code   RO         2885    .text               mf_w.l(ddiv.o)
    0x08000748   0x0000002e   Code   RO         2887    .text               mf_w.l(dscalb.o)
    0x08000776   0x0000001a   Code   RO         2891    .text               mf_w.l(dfltui.o)
    0x08000790   0x0000003e   Code   RO         2893    .text               mf_w.l(dfixi.o)
    0x080007ce   0x00000002   PAD
    0x080007d0   0x00000030   Code   RO         2897    .text               mf_w.l(cdcmple.o)
    0x08000800   0x00000030   Code   RO         2899    .text               mf_w.l(cdrcmple.o)
    0x08000830   0x00000038   Code   RO         2901    .text               mf_w.l(d2f.o)
    0x08000868   0x0000002c   Code   RO         2929    .text               mc_w.l(uidiv.o)
    0x08000894   0x00000062   Code   RO         2931    .text               mc_w.l(uldiv.o)
    0x080008f6   0x0000001e   Code   RO         2933    .text               mc_w.l(llshl.o)
    0x08000914   0x00000024   Code   RO         2935    .text               mc_w.l(llsshr.o)
    0x08000938   0x00000028   Code   RO         2939    .text               mc_w.l(scanf_char.o)
    0x08000960   0x00000040   Code   RO         2941    .text               mc_w.l(_sgetc.o)
    0x080009a0   0x00000000   Code   RO         2945    .text               mc_w.l(iusefp.o)
    0x080009a0   0x0000006e   Code   RO         2946    .text               mf_w.l(fepilogue.o)
    0x08000a0e   0x000000ba   Code   RO         2948    .text               mf_w.l(depilogue.o)
    0x08000ac8   0x000000e4   Code   RO         2950    .text               mf_w.l(dmul.o)
    0x08000bac   0x00000018   Code   RO         2952    .text               mf_w.l(dfltul.o)
    0x08000bc4   0x00000030   Code   RO         2954    .text               mf_w.l(dfixul.o)
    0x08000bf4   0x00000024   Code   RO         2956    .text               mc_w.l(init.o)
    0x08000c18   0x0000000a   Code   RO         2959    .text               mc_w.l(isspace_c.o)
    0x08000c22   0x00000002   PAD
    0x08000c24   0x0000032c   Code   RO         2961    .text               mc_w.l(_scanf.o)
    0x08000f50   0x00000028   Code   RO         2964    .text               mc_w.l(ctype_c.o)
    0x08000f78   0x00000002   Code   RO          260    i.BusFault_Handler  stm32f1xx_it.o
    0x08000f7a   0x00000002   PAD
    0x08000f7c   0x00000054   Code   RO         1011    i.DHT11_Check       dht.o
    0x08000fd0   0x00000040   Code   RO         1012    i.DHT11_Init        dht.o
    0x08001010   0x0000004c   Code   RO         1013    i.DHT11_Read_Bit    dht.o
    0x0800105c   0x0000001a   Code   RO         1014    i.DHT11_Read_Byte   dht.o
    0x08001076   0x00000050   Code   RO         1015    i.DHT11_Read_Data   dht.o
    0x080010c6   0x00000002   PAD
    0x080010c8   0x0000002c   Code   RO         1017    i.DHT11_Rst         dht.o
    0x080010f4   0x00000002   Code   RO          261    i.DebugMon_Handler  stm32f1xx_it.o
    0x080010f6   0x00000002   Code   RO           13    i.Error_Handler     main.o
    0x080010f8   0x00000098   Code   RO         1927    i.HAL_DMA_Abort_IT  stm32f1xx_hal_dma.o
    0x08001190   0x00000024   Code   RO         1554    i.HAL_Delay         stm32f1xx_hal.o
    0x080011b4   0x000001e0   Code   RO         1862    i.HAL_GPIO_Init     stm32f1xx_hal_gpio.o
    0x08001394   0x0000000a   Code   RO         1866    i.HAL_GPIO_WritePin  stm32f1xx_hal_gpio.o
    0x0800139e   0x00000002   PAD
    0x080013a0   0x0000000c   Code   RO         1558    i.HAL_GetTick       stm32f1xx_hal.o
    0x080013ac   0x00000010   Code   RO         1564    i.HAL_IncTick       stm32f1xx_hal.o
    0x080013bc   0x00000024   Code   RO         1565    i.HAL_Init          stm32f1xx_hal.o
    0x080013e0   0x00000040   Code   RO         1566    i.HAL_InitTick      stm32f1xx_hal.o
    0x08001420   0x00000044   Code   RO          342    i.HAL_MspInit       stm32f1xx_hal_msp.o
    0x08001464   0x0000001a   Code   RO         2022    i.HAL_NVIC_EnableIRQ  stm32f1xx_hal_cortex.o
    0x0800147e   0x00000002   PAD
    0x08001480   0x00000040   Code   RO         2028    i.HAL_NVIC_SetPriority  stm32f1xx_hal_cortex.o
    0x080014c0   0x00000024   Code   RO         2029    i.HAL_NVIC_SetPriorityGrouping  stm32f1xx_hal_cortex.o
    0x080014e4   0x0000012c   Code   RO         1722    i.HAL_RCC_ClockConfig  stm32f1xx_hal_rcc.o
    0x08001610   0x00000020   Code   RO         1729    i.HAL_RCC_GetPCLK1Freq  stm32f1xx_hal_rcc.o
    0x08001630   0x00000020   Code   RO         1730    i.HAL_RCC_GetPCLK2Freq  stm32f1xx_hal_rcc.o
    0x08001650   0x0000006c   Code   RO         1731    i.HAL_RCC_GetSysClockFreq  stm32f1xx_hal_rcc.o
    0x080016bc   0x00000320   Code   RO         1734    i.HAL_RCC_OscConfig  stm32f1xx_hal_rcc.o
    0x080019dc   0x00000028   Code   RO         2033    i.HAL_SYSTICK_Config  stm32f1xx_hal_cortex.o
    0x08001a04   0x00000002   Code   RO         1247    i.HAL_UART_ErrorCallback  stm32f1xx_hal_uart.o
    0x08001a06   0x00000002   PAD
    0x08001a08   0x0000015c   Code   RO         1250    i.HAL_UART_IRQHandler  stm32f1xx_hal_uart.o
    0x08001b64   0x00000062   Code   RO         1251    i.HAL_UART_Init     stm32f1xx_hal_uart.o
    0x08001bc6   0x00000002   PAD
    0x08001bc8   0x00000080   Code   RO          200    i.HAL_UART_MspInit  usart.o
    0x08001c48   0x00000052   Code   RO         1256    i.HAL_UART_Receive_IT  stm32f1xx_hal_uart.o
    0x08001c9a   0x00000002   PAD
    0x08001c9c   0x00000030   Code   RO          201    i.HAL_UART_RxCpltCallback  usart.o
    0x08001ccc   0x000000b2   Code   RO         1259    i.HAL_UART_Transmit  stm32f1xx_hal_uart.o
    0x08001d7e   0x0000003e   Code   RO         1261    i.HAL_UART_Transmit_IT  stm32f1xx_hal_uart.o
    0x08001dbc   0x0000000c   Code   RO          202    i.HAL_UART_TxCpltCallback  usart.o
    0x08001dc8   0x00000002   Code   RO          262    i.HardFault_Handler  stm32f1xx_it.o
    0x08001dca   0x00000002   PAD
    0x08001dcc   0x0000007c   Code   RO          165    i.MX_GPIO_Init      gpio.o
    0x08001e48   0x00000038   Code   RO          203    i.MX_USART1_UART_Init  usart.o
    0x08001e80   0x00000002   Code   RO          263    i.MemManage_Handler  stm32f1xx_it.o
    0x08001e82   0x00000002   Code   RO          264    i.NMI_Handler       stm32f1xx_it.o
    0x08001e84   0x00000002   Code   RO          265    i.PendSV_Handler    stm32f1xx_it.o
    0x08001e86   0x00000002   Code   RO          266    i.SVC_Handler       stm32f1xx_it.o
    0x08001e88   0x00000004   Code   RO          267    i.SysTick_Handler   stm32f1xx_it.o
    0x08001e8c   0x0000004e   Code   RO           14    i.SystemClock_Config  main.o
    0x08001eda   0x00000002   Code   RO         2526    i.SystemInit        system_stm32f1xx.o
    0x08001edc   0x00000010   Code   RO         1264    i.UART_DMAAbortOnError  stm32f1xx_hal_uart.o
    0x08001eec   0x0000001c   Code   RO         1274    i.UART_EndRxTransfer  stm32f1xx_hal_uart.o
    0x08001f08   0x0000008c   Code   RO         1276    i.UART_Receive_IT   stm32f1xx_hal_uart.o
    0x08001f94   0x000000b8   Code   RO         1277    i.UART_SetConfig    stm32f1xx_hal_uart.o
    0x0800204c   0x00000064   Code   RO         1278    i.UART_WaitOnFlagUntilTimeout  stm32f1xx_hal_uart.o
    0x080020b0   0x0000000c   Code   RO          268    i.USART1_IRQHandler  stm32f1xx_it.o
    0x080020bc   0x00000002   Code   RO          269    i.UsageFault_Handler  stm32f1xx_it.o
    0x080020be   0x00000002   PAD
    0x080020c0   0x00000020   Code   RO         2821    i.__0printf         mc_w.l(printfa.o)
    0x080020e0   0x00000028   Code   RO         2823    i.__0sprintf        mc_w.l(printfa.o)
    0x08002108   0x00000020   Code   RO         2035    i.__NVIC_SetPriority  stm32f1xx_hal_cortex.o
    0x08002128   0x0000005c   Code   RO         2853    i.__free$realloc    mc_w.l(mallocr.o)
    0x08002184   0x00000050   Code   RO         2854    i.__malloc$realloc  mc_w.l(mallocr.o)
    0x080021d4   0x0000000e   Code   RO         2969    i.__scatterload_copy  mc_w.l(handlers.o)
    0x080021e2   0x00000002   Code   RO         2970    i.__scatterload_null  mc_w.l(handlers.o)
    0x080021e4   0x0000000e   Code   RO         2971    i.__scatterload_zeroinit  mc_w.l(handlers.o)
    0x080021f2   0x00000002   PAD
    0x080021f4   0x00000164   Code   RO         2828    i._fp_digits        mc_w.l(printfa.o)
    0x08002358   0x0000000e   Code   RO         2881    i._is_digit         mc_w.l(scanf_fp.o)
    0x08002366   0x00000002   PAD
    0x08002368   0x000006dc   Code   RO         2829    i._printf_core      mc_w.l(printfa.o)
    0x08002a44   0x00000024   Code   RO         2830    i._printf_post_padding  mc_w.l(printfa.o)
    0x08002a68   0x0000002e   Code   RO         2831    i._printf_pre_padding  mc_w.l(printfa.o)
    0x08002a96   0x0000000a   Code   RO         2833    i._sputc            mc_w.l(printfa.o)
    0x08002aa0   0x0000002a   Code   RO          363    i.add_item_to_array  cjson.o
    0x08002aca   0x0000005a   Code   RO          364    i.add_item_to_object  cjson.o
    0x08002b24   0x00000034   Code   RO          375    i.cJSON_AddNumberToObject  cjson.o
    0x08002b58   0x00000060   Code   RO          389    i.cJSON_CreateNumber  cjson.o
    0x08002bb8   0x00000018   Code   RO          390    i.cJSON_CreateObject  cjson.o
    0x08002bd0   0x00000048   Code   RO          397    i.cJSON_Delete      cjson.o
    0x08002c18   0x00000016   Code   RO          427    i.cJSON_New_Item    cjson.o
    0x08002c2e   0x00000002   PAD
    0x08002c30   0x0000000c   Code   RO          432    i.cJSON_Print       cjson.o
    0x08002c3c   0x0000000c   Code   RO          443    i.cJSON_free        cjson.o
    0x08002c48   0x00000028   Code   RO          445    i.cJSON_strdup      cjson.o
    0x08002c70   0x00000058   Code   RO          446    i.compare_double    cjson.o
    0x08002cc8   0x00000050   Code   RO          987    i.delay_us          delay.o
    0x08002d18   0x00000024   Code   RO         1018    i.dht_mode          dht.o
    0x08002d3c   0x0000008a   Code   RO          448    i.ensure            cjson.o
    0x08002dc6   0x00000002   PAD
    0x08002dc8   0x00000018   Code   RO          204    i.fputc             usart.o
    0x08002de0   0x00000050   Code   RO         2855    i.internal_alloc    mc_w.l(mallocr.o)
    0x08002e30   0x000000bc   Code   RO           15    i.main              main.o
    0x08002eec   0x000000a8   Code   RO         1107    i.nbiot_init        nbiot.o
    0x08002f94   0x00000098   Code   RO          458    i.print             cjson.o
    0x0800302c   0x00000096   Code   RO          459    i.print_array       cjson.o
    0x080030c2   0x00000002   PAD
    0x080030c4   0x000000f0   Code   RO          460    i.print_number      cjson.o
    0x080031b4   0x00000140   Code   RO          461    i.print_object      cjson.o
    0x080032f4   0x00000110   Code   RO          462    i.print_string_ptr  cjson.o
    0x08003404   0x000000d0   Code   RO          463    i.print_value       cjson.o
    0x080034d4   0x0000006c   Code   RO         2856    i.realloc           mc_w.l(mallocr.o)
    0x08003540   0x00000010   Code   RO         1076    i.string_number     message.o
    0x08003550   0x00000168   Code   RO         1077    i.string_to_hex     message.o
    0x080036b8   0x0000001c   Code   RO          465    i.update_offset     cjson.o
    0x080036d4   0x00000010   Data   RO         2527    .constdata          system_stm32f1xx.o
    0x080036e4   0x00000008   Data   RO         2528    .constdata          system_stm32f1xx.o
    0x080036ec   0x00000040   Data   RO         2965    .constdata          mc_w.l(ctype_c.o)
    0x0800372c   0x00000020   Data   RO         2967    Region$$Table       anon$$obj.o


    Execution Region RW_IRAM1 (Base: 0x20000000, Size: 0x00001100, Max: 0x00005000, ABSOLUTE)

    Base Addr    Size         Type   Attr      Idx    E Section Name        Object

    0x20000000   0x00000001   Data   RW          206    .data               usart.o
    0x20000001   0x00000003   PAD
    0x20000004   0x00000014   Data   RW          468    .data               cjson.o
    0x20000018   0x0000000c   Data   RW         1572    .data               stm32f1xx_hal.o
    0x20000024   0x00000004   Data   RW         2529    .data               system_stm32f1xx.o
    0x20000028   0x00000004   Data   RW         2928    .data               mc_w.l(stdout.o)
    0x2000002c   0x00000004   Data   RW         2937    .data               mc_w.l(mvars.o)
    0x20000030   0x00000004   Data   RW         2938    .data               mc_w.l(mvars.o)
    0x20000034   0x0000003c   Zero   RW           16    .bss                main.o
    0x20000070   0x0000003c   Zero   RW           17    .bss                main.o
    0x200000ac   0x00000010   Zero   RW          166    .bss                gpio.o
    0x200000bc   0x00000040   Zero   RW          205    .bss                usart.o
    0x200000fc   0x00000004   PAD
    0x20000100   0x00000c00   Zero   RW            2    HEAP                startup_stm32f103xb.o
    0x20000d00   0x00000400   Zero   RW            1    STACK               startup_stm32f103xb.o


==============================================================================

Image component sizes


      Code (inc. data)   RO Data    RW Data    ZI Data      Debug   Object Name

      2058        118          0         20          0      24098   cjson.o
        80          6          0          0          0        899   delay.o
       410         58          0          0          0       3993   dht.o
       124         14          0          0         16       1057   gpio.o
       268         44          0          0        120     397714   main.o
       376          6          0          0          0       1796   message.o
       168        100          0          0          0        505   nbiot.o
        36          8        236          0       4096        800   startup_stm32f103xb.o
       164         28          0         12          0       5881   stm32f1xx_hal.o
       198         14          0          0          0      28919   stm32f1xx_hal_cortex.o
       152          4          0          0          0       1095   stm32f1xx_hal_dma.o
       490         34          0          0          0       2880   stm32f1xx_hal_gpio.o
        68         10          0          0          0        842   stm32f1xx_hal_msp.o
      1272        100          0          0          0       5180   stm32f1xx_hal_rcc.o
      1238         10          0          0          0       9172   stm32f1xx_hal_uart.o
        32          6          0          0          0       4194   stm32f1xx_it.o
         2          0         24          4          0       1087   system_stm32f1xx.o
       268         38          0          1         64       3226   usart.o

    ----------------------------------------------------------------------
      7428        598        292         40       4300     493338   Object Totals
         0          0         32          0          0          0   (incl. Generated)
        24          0          0          3          4          0   (incl. Padding)

    ----------------------------------------------------------------------

      Code (inc. data)   RO Data    RW Data    ZI Data      Debug   Library Member Name

        56          8          0          0          0         84   __0sscanf.o
       812          4          0          0          0        112   _scanf.o
        64          0          0          0          0         84   _sgetc.o
        40          6         64          0          0         68   ctype_c.o
         0          0          0          0          0          0   entry.o
         0          0          0          0          0          0   entry10a.o
         0          0          0          0          0          0   entry11a.o
         8          4          0          0          0          0   entry2.o
         4          0          0          0          0          0   entry5.o
         0          0          0          0          0          0   entry7b.o
         0          0          0          0          0          0   entry8b.o
         8          4          0          0          0          0   entry9a.o
        30          0          0          0          0          0   handlers.o
        36          8          0          0          0         68   init.o
        10          0          0          0          0         68   isspace_c.o
         0          0          0          0          0          0   iusefp.o
        30          0          0          0          0         68   llshl.o
        36          0          0          0          0         68   llsshr.o
        32          0          0          0          0         68   llushr.o
       360         30          0          0          0        356   mallocr.o
        36          0          0          0          0         68   memcpya.o
        36          0          0          0          0        108   memseta.o
         0          0          0          8          0          0   mvars.o
      2276         96          0          0          0        596   printfa.o
        40          8          0          0          0         84   scanf_char.o
       838         12          0          0          0        216   scanf_fp.o
         0          0          0          4          0          0   stdout.o
        18          0          0          0          0         68   strcpy.o
        14          0          0          0          0         68   strlen.o
        44          0          0          0          0         80   uidiv.o
        98          0          0          0          0         92   uldiv.o
        48          0          0          0          0         68   cdcmple.o
        48          0          0          0          0         68   cdrcmple.o
        56          0          0          0          0         88   d2f.o
       334          0          0          0          0        148   dadd.o
       222          0          0          0          0        100   ddiv.o
       186          0          0          0          0        176   depilogue.o
        62          0          0          0          0         80   dfixi.o
        48          0          0          0          0         68   dfixul.o
        26          0          0          0          0         76   dfltui.o
        24          0          0          0          0         76   dfltul.o
       228          0          0          0          0         96   dmul.o
        46          0          0          0          0         80   dscalb.o
       110          0          0          0          0        168   fepilogue.o

    ----------------------------------------------------------------------
      6372        180         64         12          0       3716   Library Totals
         8          0          0          0          0          0   (incl. Padding)

    ----------------------------------------------------------------------

      Code (inc. data)   RO Data    RW Data    ZI Data      Debug   Library Name

      4926        180         64         12          0       2424   mc_w.l
      1438          0          0          0          0       1292   mf_w.l

    ----------------------------------------------------------------------
      6372        180         64         12          0       3716   Library Totals

    ----------------------------------------------------------------------

==============================================================================


      Code (inc. data)   RO Data    RW Data    ZI Data      Debug   

     13800        778        356         52       4300     491070   Grand Totals
     13800        778        356         52       4300     491070   ELF Image Totals
     13800        778        356         52          0          0   ROM Totals

==============================================================================

    Total RO  Size (Code + RO Data)                14156 (  13.82kB)
    Total RW  Size (RW Data + ZI Data)              4352 (   4.25kB)
    Total ROM Size (Code + RO Data + RW Data)      14208 (  13.88kB)

==============================================================================

